#
# There is insufficient memory for the Java Runtime Environment to continue.
# Native memory allocation (malloc) failed to allocate 1048576 bytes. Error detail: AllocateHeap
# Possible reasons:
#   The system is out of physical RAM or swap space
#   This process is running with CompressedOops enabled, and the Java Heap may be blocking the growth of the native heap
# Possible solutions:
#   Reduce memory load on the system
#   Increase physical memory or swap space
#   Check if swap backing store is full
#   Decrease Java heap size (-Xmx/-Xms)
#   Decrease number of Java threads
#   Decrease Java thread stack sizes (-Xss)
#   Set larger code cache with -XX:ReservedCodeCacheSize=
#   JVM is running with Unscaled Compressed Oops mode in which the Java heap is
#     placed in the first 4GB address space. The Java Heap base address is the
#     maximum limit for the native heap growth. Please use -XX:HeapBaseMinAddress
#     to set the Java Heap base and to place the Java Heap above 4GB virtual address.
# This output file may be truncated or incomplete.
#
#  Out of Memory Error (allocation.cpp:44), pid=7652, tid=17884
#
# JRE version: OpenJDK Runtime Environment Temurin-21.0.10+7 (21.0.10+7) (build 21.0.10+7-LTS)
# Java VM: OpenJDK 64-Bit Server VM Temurin-21.0.10+7 (21.0.10+7-LTS, mixed mode, sharing, tiered, compressed oops, compressed class ptrs, parallel gc, windows-amd64)
# No core dump will be written. Minidumps are not enabled by default on client versions of Windows
#

---------------  S U M M A R Y ------------

Command Line: --add-modules=ALL-SYSTEM --add-opens=java.base/java.util=ALL-UNNAMED --add-opens=java.base/java.lang=ALL-UNNAMED --add-opens=java.base/sun.nio.fs=ALL-UNNAMED -Declipse.application=org.eclipse.jdt.ls.core.id1 -Dosgi.bundles.defaultStartLevel=4 -Declipse.product=org.eclipse.jdt.ls.core.product -Djava.import.generatesMetadataFilesAtProjectRoot=false -DDetectVMInstallationsJob.disabled=true -Dfile.encoding=utf8 -XX:+UseParallelGC -XX:GCTimeRatio=4 -XX:AdaptiveSizePolicyWeight=90 -Dsun.zip.disableMemoryMapping=true -Xmx2G -Xms100m -Xlog:disable -javaagent:c:\Users\sheeja\.vscode\extensions\redhat.java-1.53.0-win32-x64\lombok\lombok-1.18.39-4050.jar -XX:+HeapDumpOnOutOfMemoryError -XX:HeapDumpPath=c:\Users\sheeja\AppData\Roaming\Code\User\workspaceStorage\702ba7796854479cc80baa7ae8f6b766\redhat.java -Daether.dependencyCollector.impl=bf c:\Users\sheeja\.vscode\extensions\redhat.java-1.53.0-win32-x64\server\plugins\org.eclipse.equinox.launcher_1.7.100.v20251111-0406.jar -configuration c:\Users\sheeja\AppData\Roaming\Code\User\globalStorage\redhat.java\1.53.0\config_win -data c:\Users\sheeja\AppData\Roaming\Code\User\workspaceStorage\702ba7796854479cc80baa7ae8f6b766\redhat.java\jdt_ws --pipe=\\.\pipe\lsp-7f5a64eb545ec092bf407b5b0daeceff-sock

Host: 11th Gen Intel(R) Core(TM) i5-1135G7 @ 2.40GHz, 8 cores, 7G,  Windows 11 , 64 bit Build 26100 (10.0.26100.7705)
Time: Sat Mar  7 00:47:02 2026 India Standard Time elapsed time: 24461.254519 seconds (0d 6h 47m 41s)

---------------  T H R E A D  ---------------

Current thread (0x0000019745464aa0):  JavaThread "Attach Listener" daemon [_thread_in_vm, id=17884, stack(0x00000013bca00000,0x00000013bcb00000) (1024K)]

Stack: [0x00000013bca00000,0x00000013bcb00000]
Native frames: (J=compiled Java code, j=interpreted, Vv=VM code, C=native code)
V  [jvm.dll+0x6d7a39]
V  [jvm.dll+0x8b4b26]
V  [jvm.dll+0x8b70de]
V  [jvm.dll+0x8b77c3]
V  [jvm.dll+0x284346]
V  [jvm.dll+0xc1277]
V  [jvm.dll+0x6d82e9]
V  [jvm.dll+0x1334a6]
V  [jvm.dll+0x3f857e]
V  [jvm.dll+0x85f59d]
V  [jvm.dll+0x6d626d]
C  [ucrtbase.dll+0x37b0]
C  [KERNEL32.DLL+0x2e8d7]
C  [ntdll.dll+0x8c40c]


---------------  P R O C E S S  ---------------

Threads class SMR info:
_java_thread_list=0x00000197932d7c10, length=50, elements={
0x000001972e9f0380, 0x000001972eaaa160, 0x000001972eaac610, 0x0000019745463f40,
0x0000019745464aa0, 0x0000019745469620, 0x000001974546a080, 0x000001974546ce20,
0x000001978c0433a0, 0x000001978c206a80, 0x000001978c24c2b0, 0x000001978c45fc70,
0x000001978cb1d6f0, 0x000001978c1bb360, 0x000001978c085990, 0x000001978c275be0,
0x000001978c386430, 0x000001978c881f10, 0x000001978d1d62f0, 0x000001978cc03e10,
0x000001978cc03780, 0x000001978cc044a0, 0x000001978cc02a60, 0x000001978cc01020,
0x000001978cc04b30, 0x000001978cc051c0, 0x000001978cc01d40, 0x000001978cc06c00,
0x000001978cc016b0, 0x000001978cc07290, 0x000001978cc07fb0, 0x000001978cc05850,
0x000001978cc05ee0, 0x000001978cc08640, 0x0000019790949340, 0x000001979094a060,
0x0000019790947f90, 0x000001979094a6f0, 0x000001978cc06570, 0x000001978fc768f0,
0x000001978fc74190, 0x000001978fc77610, 0x000001978fc7a400, 0x0000019791852580,
0x000001979184f790, 0x00000197918532a0, 0x000001979184fe20, 0x0000019791851860,
0x0000019791853fc0, 0x00000197918504b0
}

Java Threads: ( => current thread )
  0x000001972e9f0380 JavaThread "main"                              [_thread_blocked, id=15792, stack(0x00000013bc300000,0x00000013bc400000) (1024K)]
  0x000001972eaaa160 JavaThread "Reference Handler"          daemon [_thread_blocked, id=9492, stack(0x00000013bc700000,0x00000013bc800000) (1024K)]
  0x000001972eaac610 JavaThread "Finalizer"                  daemon [_thread_blocked, id=10080, stack(0x00000013bc800000,0x00000013bc900000) (1024K)]
  0x0000019745463f40 JavaThread "Signal Dispatcher"          daemon [_thread_blocked, id=17740, stack(0x00000013bc900000,0x00000013bca00000) (1024K)]
=>0x0000019745464aa0 JavaThread "Attach Listener"            daemon [_thread_in_vm, id=17884, stack(0x00000013bca00000,0x00000013bcb00000) (1024K)]
  0x0000019745469620 JavaThread "Service Thread"             daemon [_thread_blocked, id=15688, stack(0x00000013bcb00000,0x00000013bcc00000) (1024K)]
  0x000001974546a080 JavaThread "Monitor Deflation Thread"   daemon [_thread_blocked, id=17664, stack(0x00000013bcc00000,0x00000013bcd00000) (1024K)]
  0x000001974546ce20 JavaThread "C2 CompilerThread0"         daemon [_thread_blocked, id=8408, stack(0x00000013bcd00000,0x00000013bce00000) (1024K)]
  0x000001978c0433a0 JavaThread "C1 CompilerThread0"         daemon [_thread_blocked, id=10204, stack(0x00000013bce00000,0x00000013bcf00000) (1024K)]
  0x000001978c206a80 JavaThread "Common-Cleaner"             daemon [_thread_blocked, id=10484, stack(0x00000013bcf00000,0x00000013bd000000) (1024K)]
  0x000001978c24c2b0 JavaThread "Notification Thread"        daemon [_thread_blocked, id=12620, stack(0x00000013bd000000,0x00000013bd100000) (1024K)]
  0x000001978c45fc70 JavaThread "Active Thread: Equinox Container: 449b0749-9cea-40dd-a993-1f37ebeddcbf"        [_thread_blocked, id=16448, stack(0x00000013bd100000,0x00000013bd200000) (1024K)]
  0x000001978cb1d6f0 JavaThread "Refresh Thread: Equinox Container: 449b0749-9cea-40dd-a993-1f37ebeddcbf" daemon [_thread_blocked, id=8968, stack(0x00000013bd900000,0x00000013bda00000) (1024K)]
  0x000001978c1bb360 JavaThread "Framework Event Dispatcher: Equinox Container: 449b0749-9cea-40dd-a993-1f37ebeddcbf" daemon [_thread_blocked, id=12760, stack(0x00000013bda00000,0x00000013bdb00000) (1024K)]
  0x000001978c085990 JavaThread "Start Level: Equinox Container: 449b0749-9cea-40dd-a993-1f37ebeddcbf" daemon [_thread_blocked, id=12376, stack(0x00000013bdb00000,0x00000013bdc00000) (1024K)]
  0x000001978c275be0 JavaThread "Bundle File Closer"         daemon [_thread_blocked, id=13500, stack(0x00000013bdd00000,0x00000013bde00000) (1024K)]
  0x000001978c386430 JavaThread "SCR Component Actor"        daemon [_thread_blocked, id=11640, stack(0x00000013bdf00000,0x00000013be000000) (1024K)]
  0x000001978c881f10 JavaThread "Worker-JM"                         [_thread_blocked, id=18388, stack(0x00000013be000000,0x00000013be100000) (1024K)]
  0x000001978d1d62f0 JavaThread "JNA Cleaner"                daemon [_thread_blocked, id=15932, stack(0x00000013be100000,0x00000013be200000) (1024K)]
  0x000001978cc03e10 JavaThread "Java indexing"              daemon [_thread_blocked, id=16940, stack(0x00000013bc100000,0x00000013bc200000) (1024K)]
  0x000001978cc03780 JavaThread "Thread-1"                   daemon [_thread_in_native, id=10576, stack(0x00000013beb00000,0x00000013bec00000) (1024K)]
  0x000001978cc044a0 JavaThread "Thread-2"                   daemon [_thread_in_native, id=7616, stack(0x00000013bec00000,0x00000013bed00000) (1024K)]
  0x000001978cc02a60 JavaThread "Thread-3"                   daemon [_thread_in_native, id=6940, stack(0x00000013bed00000,0x00000013bee00000) (1024K)]
  0x000001978cc01020 JavaThread "Thread-4"                   daemon [_thread_in_native, id=6884, stack(0x00000013bee00000,0x00000013bef00000) (1024K)]
  0x000001978cc04b30 JavaThread "Thread-5"                   daemon [_thread_in_native, id=18340, stack(0x00000013bef00000,0x00000013bf000000) (1024K)]
  0x000001978cc051c0 JavaThread "Thread-6"                   daemon [_thread_in_native, id=18228, stack(0x00000013bf000000,0x00000013bf100000) (1024K)]
  0x000001978cc01d40 JavaThread "Thread-7"                   daemon [_thread_in_native, id=9212, stack(0x00000013bf100000,0x00000013bf200000) (1024K)]
  0x000001978cc06c00 JavaThread "Thread-8"                   daemon [_thread_in_native, id=6000, stack(0x00000013bf200000,0x00000013bf300000) (1024K)]
  0x000001978cc016b0 JavaThread "Thread-9"                   daemon [_thread_in_native, id=7216, stack(0x00000013bf300000,0x00000013bf400000) (1024K)]
  0x000001978cc07290 JavaThread "pool-2-thread-1"                   [_thread_blocked, id=8928, stack(0x00000013bf400000,0x00000013bf500000) (1024K)]
  0x000001978cc07fb0 JavaThread "Timer-0"                           [_thread_blocked, id=11704, stack(0x00000013bf500000,0x00000013bf600000) (1024K)]
  0x000001978cc05850 JavaThread "Timer-1"                           [_thread_blocked, id=5696, stack(0x00000013bf700000,0x00000013bf800000) (1024K)]
  0x000001978cc05ee0 JavaThread "WorkspaceEventsHandler"            [_thread_blocked, id=17528, stack(0x00000013bf800000,0x00000013bf900000) (1024K)]
  0x000001978cc08640 JavaThread "pool-1-thread-1"                   [_thread_blocked, id=8244, stack(0x00000013bf900000,0x00000013bfa00000) (1024K)]
  0x0000019790949340 JavaThread "Timer-2"                           [_thread_blocked, id=10848, stack(0x00000013be400000,0x00000013be500000) (1024K)]
  0x000001979094a060 JavaThread "Timer-3"                           [_thread_blocked, id=16948, stack(0x00000013be200000,0x00000013be300000) (1024K)]
  0x0000019790947f90 JavaThread "Timer-4"                           [_thread_blocked, id=16108, stack(0x00000013be600000,0x00000013be700000) (1024K)]
  0x000001979094a6f0 JavaThread "Timer-5"                           [_thread_blocked, id=16660, stack(0x00000013be800000,0x00000013be900000) (1024K)]
  0x000001978cc06570 JavaThread "Timer-6"                           [_thread_blocked, id=2016, stack(0x00000013bfb00000,0x00000013bfc00000) (1024K)]
  0x000001978fc768f0 JavaThread "Timer-7"                           [_thread_blocked, id=15216, stack(0x00000013bfc00000,0x00000013bfd00000) (1024K)]
  0x000001978fc74190 JavaThread "Timer-8"                           [_thread_blocked, id=1852, stack(0x00000013bde00000,0x00000013bdf00000) (1024K)]
  0x000001978fc77610 JavaThread "Timer-9"                           [_thread_blocked, id=4724, stack(0x00000013be900000,0x00000013bea00000) (1024K)]
  0x000001978fc7a400 JavaThread "Timer-10"                          [_thread_blocked, id=8556, stack(0x00000013c0000000,0x00000013c0100000) (1024K)]
  0x0000019791852580 JavaThread "Cleaner-0"                  daemon [_thread_blocked, id=18608, stack(0x00000013c0a00000,0x00000013c0b00000) (1024K)]
  0x000001979184f790 JavaThread "Timer-11"                          [_thread_blocked, id=18836, stack(0x00000013c0800000,0x00000013c0900000) (1024K)]
  0x00000197918532a0 JavaThread "Timer-12"                          [_thread_blocked, id=19060, stack(0x00000013c0900000,0x00000013c0a00000) (1024K)]
  0x000001979184fe20 JavaThread "Timer-13"                          [_thread_blocked, id=18216, stack(0x00000013bdc00000,0x00000013bdd00000) (1024K)]
  0x0000019791851860 JavaThread "Timer-14"                          [_thread_blocked, id=5108, stack(0x00000013bfa00000,0x00000013bfb00000) (1024K)]
  0x0000019791853fc0 JavaThread "Worker-14"                         [_thread_blocked, id=14916, stack(0x00000013be500000,0x00000013be600000) (1024K)]
  0x00000197918504b0 JavaThread "Worker-16"                         [_thread_blocked, id=22932, stack(0x00000013be300000,0x00000013be400000) (1024K)]
Total: 50

Other Threads:
  0x000001972ea8f930 VMThread "VM Thread"                           [id=11800, stack(0x00000013bc600000,0x00000013bc700000) (1024K)]
  0x000001972ea592d0 WatcherThread "VM Periodic Task Thread"        [id=17632, stack(0x00000013bc500000,0x00000013bc600000) (1024K)]
  0x000001972ea0d500 WorkerThread "GC Thread#0"                     [id=15680, stack(0x00000013bc400000,0x00000013bc500000) (1024K)]
  0x000001978c43a040 WorkerThread "GC Thread#1"                     [id=12452, stack(0x00000013bd200000,0x00000013bd300000) (1024K)]
  0x000001978c6a8080 WorkerThread "GC Thread#2"                     [id=1728, stack(0x00000013bd300000,0x00000013bd400000) (1024K)]
  0x000001978c44a350 WorkerThread "GC Thread#3"                     [id=10808, stack(0x00000013bd400000,0x00000013bd500000) (1024K)]
  0x000001978c44a700 WorkerThread "GC Thread#4"                     [id=10804, stack(0x00000013bd500000,0x00000013bd600000) (1024K)]
  0x000001978c44aab0 WorkerThread "GC Thread#5"                     [id=12812, stack(0x00000013bd600000,0x00000013bd700000) (1024K)]
  0x000001978c347050 WorkerThread "GC Thread#6"                     [id=10144, stack(0x00000013bd700000,0x00000013bd800000) (1024K)]
  0x000001974549d2e0 WorkerThread "GC Thread#7"                     [id=18360, stack(0x00000013bd800000,0x00000013bd900000) (1024K)]
Total: 10

Threads with active compile tasks:
Total: 0

VM state: not at safepoint (normal execution)

VM Mutex/Monitor currently owned by a thread: None

Heap address: 0x0000000080000000, size: 2048 MB, Compressed Oops mode: 32-bit

CDS archive(s) mapped at: [0x0000019746000000-0x0000019746ba0000-0x0000019746ba0000), size 12189696, SharedBaseAddress: 0x0000019746000000, ArchiveRelocationMode: 1.
Compressed class space mapped at: 0x0000019747000000-0x0000019787000000, reserved size: 1073741824
Narrow klass base: 0x0000019746000000, Narrow klass shift: 0, Narrow klass range: 0x100000000

GC Precious Log:
 CardTable entry size: 512
 CPUs: 8 total, 8 available
 Memory: 7918M
 Large Page Support: Disabled
 NUMA Support: Disabled
 Compressed Oops: Enabled (32-bit)
 Alignments: Space 512K, Generation 512K, Heap 2M
 Heap Min Capacity: 100M
 Heap Initial Capacity: 100M
 Heap Max Capacity: 2G
 Pre-touch: Disabled
 Parallel Workers: 8

Heap:
 PSYoungGen      total 3584K, used 2709K [0x00000000d5580000, 0x00000000d5a00000, 0x0000000100000000)
  eden space 2560K, 93% used [0x00000000d5580000,0x00000000d57d5510,0x00000000d5800000)
  from space 1024K, 31% used [0x00000000d5800000,0x00000000d5850000,0x00000000d5900000)
  to   space 1024K, 0% used [0x00000000d5900000,0x00000000d5900000,0x00000000d5a00000)
 ParOldGen       total 265728K, used 265622K [0x0000000080000000, 0x0000000090380000, 0x00000000d5580000)
  object space 265728K, 99% used [0x0000000080000000,0x0000000090365aa0,0x0000000090380000)
 Metaspace       used 93203K, committed 94976K, reserved 1179648K
  class space    used 10828K, committed 11776K, reserved 1048576K

Card table byte_map: [0x000001972e390000,0x000001972e7a0000] _byte_map_base: 0x000001972df90000

Marking Bits: (ParMarkBitMap*) 0x00007ff9ef343450
 Begin Bits: [0x0000019740ea0000, 0x0000019742ea0000)
 End Bits:   [0x0000019742ea0000, 0x0000019744ea0000)

Polling page: 0x000001972cab0000

Metaspace:

Usage:
  Non-class:     80.44 MB used.
      Class:     10.58 MB used.
       Both:     91.02 MB used.

Virtual space:
  Non-class space:      128.00 MB reserved,      81.25 MB ( 63%) committed,  2 nodes.
      Class space:        1.00 GB reserved,      11.50 MB (  1%) committed,  1 nodes.
             Both:        1.12 GB reserved,      92.75 MB (  8%) committed. 

Chunk freelists:
   Non-Class:  14.41 MB
       Class:  4.76 MB
        Both:  19.18 MB

MaxMetaspaceSize: unlimited
CompressedClassSpaceSize: 1.00 GB
Initial GC threshold: 21.00 MB
Current GC threshold: 153.56 MB
CDS: on
 - commit_granule_bytes: 65536.
 - commit_granule_words: 8192.
 - virtual_space_node_default_size: 8388608.
 - enlarge_chunks_in_place: 1.
 - use_allocation_guard: 0.


Internal statistics:

num_allocs_failed_limit: 9.
num_arena_births: 1988.
num_arena_deaths: 906.
num_vsnodes_births: 3.
num_vsnodes_deaths: 0.
num_space_committed: 1484.
num_space_uncommitted: 0.
num_chunks_returned_to_freelist: 1144.
num_chunks_taken_from_freelist: 6325.
num_chunk_merges: 397.
num_chunk_splits: 3794.
num_chunks_enlarged: 2295.
num_inconsistent_stats: 0.

CodeHeap 'non-profiled nmethods': size=120000Kb used=17887Kb max_used=18592Kb free=102112Kb
 bounds [0x00000197396c0000, 0x000001973a8f0000, 0x0000019740bf0000]
CodeHeap 'profiled nmethods': size=120000Kb used=30904Kb max_used=33079Kb free=89095Kb
 bounds [0x0000019731bf0000, 0x0000019733c80000, 0x0000019739120000]
CodeHeap 'non-nmethods': size=5760Kb used=1540Kb max_used=1599Kb free=4219Kb
 bounds [0x0000019739120000, 0x0000019739390000, 0x00000197396c0000]
CodeCache: size=245760Kb, used=50331Kb, max_used=53270Kb, free=195426Kb
 total_blobs=14997, nmethods=14144, adapters=756, full_count=0
Compilation: enabled, stopped_count=0, restarted_count=0

Compilation events (20 events):
Event: 22336.711 Thread 0x000001974546ce20 18486       4       sun.nio.fs.WindowsPath::resolve (6 bytes)
Event: 22336.716 Thread 0x000001974546ce20 nmethod 18486 0x000001973a043210 code [0x000001973a0433a0, 0x000001973a043450]
Event: 22336.730 Thread 0x000001974546ce20 18487   !   4       java.io.File::toPath (54 bytes)
Event: 22336.734 Thread 0x000001974546ce20 nmethod 18487 0x000001973a042b10 code [0x000001973a042cc0, 0x000001973a043090]
Event: 22336.779 Thread 0x000001978c0433a0 18488       3       org.eclipse.jdt.internal.core.JavaModelManager$$Lambda/0x00000197479f6220::test (8 bytes)
Event: 22336.781 Thread 0x000001978c0433a0 nmethod 18488 0x0000019732303990 code [0x0000019732303b40, 0x0000019732303e10]
Event: 22336.781 Thread 0x000001978c0433a0 18489       3       java.util.stream.Nodes$CollectorTask::doLeaf (45 bytes)
Event: 22336.782 Thread 0x000001978c0433a0 nmethod 18489 0x0000019732f6ce10 code [0x0000019732f6d020, 0x0000019732f6d708]
Event: 22336.782 Thread 0x000001978c0433a0 18494       3       java.util.concurrent.CountedCompleter::propagateCompletion (39 bytes)
Event: 22336.783 Thread 0x000001978c0433a0 nmethod 18494 0x00000197330df210 code [0x00000197330df400, 0x00000197330df858]
Event: 22336.783 Thread 0x000001978c0433a0 18493       3       java.util.stream.Nodes$ToArrayTask$OfRef::copyNodeToArray (18 bytes)
Event: 22336.784 Thread 0x000001978c0433a0 nmethod 18493 0x0000019732f6c990 code [0x0000019732f6cb40, 0x0000019732f6cd28]
Event: 22336.784 Thread 0x000001978c0433a0 18490       3       java.util.stream.Nodes$CollectorTask$OfRef$$Lambda/0x0000019747965dc8::apply (16 bytes)
Event: 22336.784 Thread 0x000001978c0433a0 nmethod 18490 0x00000197330de910 code [0x00000197330deae0, 0x00000197330def00]
Event: 22336.784 Thread 0x000001978c0433a0 18491       3       java.util.stream.Nodes$ConcNode::<init> (7 bytes)
Event: 22336.784 Thread 0x000001978c0433a0 nmethod 18491 0x0000019732db5e10 code [0x0000019732db5fc0, 0x0000019732db60f8]
Event: 22336.784 Thread 0x000001978c0433a0 18492       3       java.util.stream.Nodes$AbstractConcNode::<init> (32 bytes)
Event: 22336.784 Thread 0x000001978c0433a0 nmethod 18492 0x00000197331f1e90 code [0x00000197331f2060, 0x00000197331f23b8]
Event: 22412.754 Thread 0x000001974546ce20 18495       4       java.util.HashMap$Node::setValue (12 bytes)
Event: 22412.755 Thread 0x000001974546ce20 nmethod 18495 0x000001973a042810 code [0x000001973a0429a0, 0x000001973a042a48]

GC Heap History (20 events):
Event: 22319.214 GC heap before
{Heap before GC invocations=4807 (full 5):
 PSYoungGen      total 3584K, used 3576K [0x00000000d5580000, 0x00000000d5d80000, 0x0000000100000000)
  eden space 2560K, 100% used [0x00000000d5580000,0x00000000d5800000,0x00000000d5800000)
  from space 1024K, 99% used [0x00000000d5800000,0x00000000d58fe020,0x00000000d5900000)
  to   space 2560K, 0% used [0x00000000d5b00000,0x00000000d5b00000,0x00000000d5d80000)
 ParOldGen       total 256512K, used 256343K [0x0000000080000000, 0x000000008fa80000, 0x00000000d5580000)
  object space 256512K, 99% used [0x0000000080000000,0x000000008fa55f40,0x000000008fa80000)
 Metaspace       used 93186K, committed 94976K, reserved 1179648K
  class space    used 10828K, committed 11776K, reserved 1048576K
}
Event: 22319.216 GC heap after
{Heap after GC invocations=4807 (full 5):
 PSYoungGen      total 5120K, used 1542K [0x00000000d5580000, 0x00000000d5d00000, 0x0000000100000000)
  eden space 3072K, 0% used [0x00000000d5580000,0x00000000d5580000,0x00000000d5880000)
  from space 2048K, 75% used [0x00000000d5b00000,0x00000000d5c81830,0x00000000d5d00000)
  to   space 2048K, 0% used [0x00000000d5900000,0x00000000d5900000,0x00000000d5b00000)
 ParOldGen       total 257536K, used 257295K [0x0000000080000000, 0x000000008fb80000, 0x00000000d5580000)
  object space 257536K, 99% used [0x0000000080000000,0x000000008fb43f40,0x000000008fb80000)
 Metaspace       used 93186K, committed 94976K, reserved 1179648K
  class space    used 10828K, committed 11776K, reserved 1048576K
}
Event: 22326.583 GC heap before
{Heap before GC invocations=4808 (full 5):
 PSYoungGen      total 5120K, used 4614K [0x00000000d5580000, 0x00000000d5d00000, 0x0000000100000000)
  eden space 3072K, 100% used [0x00000000d5580000,0x00000000d5880000,0x00000000d5880000)
  from space 2048K, 75% used [0x00000000d5b00000,0x00000000d5c81830,0x00000000d5d00000)
  to   space 2048K, 0% used [0x00000000d5900000,0x00000000d5900000,0x00000000d5b00000)
 ParOldGen       total 257536K, used 257295K [0x0000000080000000, 0x000000008fb80000, 0x00000000d5580000)
  object space 257536K, 99% used [0x0000000080000000,0x000000008fb43f40,0x000000008fb80000)
 Metaspace       used 93191K, committed 94976K, reserved 1179648K
  class space    used 10828K, committed 11776K, reserved 1048576K
}
Event: 22326.585 GC heap after
{Heap after GC invocations=4808 (full 5):
 PSYoungGen      total 4096K, used 512K [0x00000000d5580000, 0x00000000d5b80000, 0x0000000100000000)
  eden space 3584K, 0% used [0x00000000d5580000,0x00000000d5580000,0x00000000d5900000)
  from space 512K, 100% used [0x00000000d5900000,0x00000000d5980000,0x00000000d5980000)
  to   space 1024K, 0% used [0x00000000d5a80000,0x00000000d5a80000,0x00000000d5b80000)
 ParOldGen       total 258560K, used 258253K [0x0000000080000000, 0x000000008fc80000, 0x00000000d5580000)
  object space 258560K, 99% used [0x0000000080000000,0x000000008fc33770,0x000000008fc80000)
 Metaspace       used 93191K, committed 94976K, reserved 1179648K
  class space    used 10828K, committed 11776K, reserved 1048576K
}
Event: 22326.593 GC heap before
{Heap before GC invocations=4809 (full 5):
 PSYoungGen      total 4096K, used 4096K [0x00000000d5580000, 0x00000000d5b80000, 0x0000000100000000)
  eden space 3584K, 100% used [0x00000000d5580000,0x00000000d5900000,0x00000000d5900000)
  from space 512K, 100% used [0x00000000d5900000,0x00000000d5980000,0x00000000d5980000)
  to   space 1024K, 0% used [0x00000000d5a80000,0x00000000d5a80000,0x00000000d5b80000)
 ParOldGen       total 258560K, used 258253K [0x0000000080000000, 0x000000008fc80000, 0x00000000d5580000)
  object space 258560K, 99% used [0x0000000080000000,0x000000008fc33770,0x000000008fc80000)
 Metaspace       used 93191K, committed 94976K, reserved 1179648K
  class space    used 10828K, committed 11776K, reserved 1048576K
}
Event: 22326.595 GC heap after
{Heap after GC invocations=4809 (full 5):
 PSYoungGen      total 3072K, used 998K [0x00000000d5580000, 0x00000000d6000000, 0x0000000100000000)
  eden space 2048K, 0% used [0x00000000d5580000,0x00000000d5580000,0x00000000d5780000)
  from space 1024K, 97% used [0x00000000d5a80000,0x00000000d5b79b70,0x00000000d5b80000)
  to   space 3072K, 0% used [0x00000000d5780000,0x00000000d5780000,0x00000000d5a80000)
 ParOldGen       total 260096K, used 259705K [0x0000000080000000, 0x000000008fe00000, 0x00000000d5580000)
  object space 260096K, 99% used [0x0000000080000000,0x000000008fd9e7e0,0x000000008fe00000)
 Metaspace       used 93191K, committed 94976K, reserved 1179648K
  class space    used 10828K, committed 11776K, reserved 1048576K
}
Event: 22326.598 GC heap before
{Heap before GC invocations=4810 (full 5):
 PSYoungGen      total 3072K, used 3046K [0x00000000d5580000, 0x00000000d6000000, 0x0000000100000000)
  eden space 2048K, 100% used [0x00000000d5580000,0x00000000d5780000,0x00000000d5780000)
  from space 1024K, 97% used [0x00000000d5a80000,0x00000000d5b79b70,0x00000000d5b80000)
  to   space 3072K, 0% used [0x00000000d5780000,0x00000000d5780000,0x00000000d5a80000)
 ParOldGen       total 260096K, used 259705K [0x0000000080000000, 0x000000008fe00000, 0x00000000d5580000)
  object space 260096K, 99% used [0x0000000080000000,0x000000008fd9e7e0,0x000000008fe00000)
 Metaspace       used 93192K, committed 94976K, reserved 1179648K
  class space    used 10828K, committed 11776K, reserved 1048576K
}
Event: 22326.600 GC heap after
{Heap after GC invocations=4810 (full 5):
 PSYoungGen      total 3584K, used 1296K [0x00000000d5580000, 0x00000000d5c00000, 0x0000000100000000)
  eden space 2048K, 0% used [0x00000000d5580000,0x00000000d5580000,0x00000000d5780000)
  from space 1536K, 84% used [0x00000000d5780000,0x00000000d58c4020,0x00000000d5900000)
  to   space 2048K, 0% used [0x00000000d5a00000,0x00000000d5a00000,0x00000000d5c00000)
 ParOldGen       total 261120K, used 260935K [0x0000000080000000, 0x000000008ff00000, 0x00000000d5580000)
  object space 261120K, 99% used [0x0000000080000000,0x000000008fed1e80,0x000000008ff00000)
 Metaspace       used 93192K, committed 94976K, reserved 1179648K
  class space    used 10828K, committed 11776K, reserved 1048576K
}
Event: 22326.609 GC heap before
{Heap before GC invocations=4811 (full 5):
 PSYoungGen      total 3584K, used 3344K [0x00000000d5580000, 0x00000000d5c00000, 0x0000000100000000)
  eden space 2048K, 100% used [0x00000000d5580000,0x00000000d5780000,0x00000000d5780000)
  from space 1536K, 84% used [0x00000000d5780000,0x00000000d58c4020,0x00000000d5900000)
  to   space 2048K, 0% used [0x00000000d5a00000,0x00000000d5a00000,0x00000000d5c00000)
 ParOldGen       total 261120K, used 260935K [0x0000000080000000, 0x000000008ff00000, 0x00000000d5580000)
  object space 261120K, 99% used [0x0000000080000000,0x000000008fed1e80,0x000000008ff00000)
 Metaspace       used 93192K, committed 94976K, reserved 1179648K
  class space    used 10828K, committed 11776K, reserved 1048576K
}
Event: 22326.612 GC heap after
{Heap after GC invocations=4811 (full 5):
 PSYoungGen      total 3072K, used 512K [0x00000000d5580000, 0x00000000d5a80000, 0x0000000100000000)
  eden space 2560K, 0% used [0x00000000d5580000,0x00000000d5580000,0x00000000d5800000)
  from space 512K, 100% used [0x00000000d5a00000,0x00000000d5a80000,0x00000000d5a80000)
  to   space 1024K, 0% used [0x00000000d5880000,0x00000000d5880000,0x00000000d5980000)
 ParOldGen       total 262144K, used 261725K [0x0000000080000000, 0x0000000090000000, 0x00000000d5580000)
  object space 262144K, 99% used [0x0000000080000000,0x000000008ff976b0,0x0000000090000000)
 Metaspace       used 93192K, committed 94976K, reserved 1179648K
  class space    used 10828K, committed 11776K, reserved 1048576K
}
Event: 22334.249 GC heap before
{Heap before GC invocations=4812 (full 5):
 PSYoungGen      total 3072K, used 2916K [0x00000000d5580000, 0x00000000d5a80000, 0x0000000100000000)
  eden space 2560K, 93% used [0x00000000d5580000,0x00000000d57d93d0,0x00000000d5800000)
  from space 512K, 100% used [0x00000000d5a00000,0x00000000d5a80000,0x00000000d5a80000)
  to   space 1024K, 0% used [0x00000000d5880000,0x00000000d5880000,0x00000000d5980000)
 ParOldGen       total 262144K, used 261725K [0x0000000080000000, 0x0000000090000000, 0x00000000d5580000)
  object space 262144K, 99% used [0x0000000080000000,0x000000008ff976b0,0x0000000090000000)
 Metaspace       used 93194K, committed 94976K, reserved 1179648K
  class space    used 10828K, committed 11776K, reserved 1048576K
}
Event: 22334.251 GC heap after
{Heap after GC invocations=4812 (full 5):
 PSYoungGen      total 3584K, used 816K [0x00000000d5580000, 0x00000000d5a80000, 0x0000000100000000)
  eden space 2560K, 0% used [0x00000000d5580000,0x00000000d5580000,0x00000000d5800000)
  from space 1024K, 79% used [0x00000000d5880000,0x00000000d594c050,0x00000000d5980000)
  to   space 1024K, 0% used [0x00000000d5980000,0x00000000d5980000,0x00000000d5a80000)
 ParOldGen       total 262144K, used 262117K [0x0000000080000000, 0x0000000090000000, 0x00000000d5580000)
  object space 262144K, 99% used [0x0000000080000000,0x000000008fff96b0,0x0000000090000000)
 Metaspace       used 93194K, committed 94976K, reserved 1179648K
  class space    used 10828K, committed 11776K, reserved 1048576K
}
Event: 22334.255 GC heap before
{Heap before GC invocations=4813 (full 5):
 PSYoungGen      total 3584K, used 3376K [0x00000000d5580000, 0x00000000d5a80000, 0x0000000100000000)
  eden space 2560K, 100% used [0x00000000d5580000,0x00000000d5800000,0x00000000d5800000)
  from space 1024K, 79% used [0x00000000d5880000,0x00000000d594c050,0x00000000d5980000)
  to   space 1024K, 0% used [0x00000000d5980000,0x00000000d5980000,0x00000000d5a80000)
 ParOldGen       total 262144K, used 262117K [0x0000000080000000, 0x0000000090000000, 0x00000000d5580000)
  object space 262144K, 99% used [0x0000000080000000,0x000000008fff96b0,0x0000000090000000)
 Metaspace       used 93195K, committed 94976K, reserved 1179648K
  class space    used 10828K, committed 11776K, reserved 1048576K
}
Event: 22334.257 GC heap after
{Heap after GC invocations=4813 (full 5):
 PSYoungGen      total 2560K, used 998K [0x00000000d5580000, 0x00000000d5d80000, 0x0000000100000000)
  eden space 1536K, 0% used [0x00000000d5580000,0x00000000d5580000,0x00000000d5700000)
  from space 1024K, 97% used [0x00000000d5980000,0x00000000d5a79b70,0x00000000d5a80000)
  to   space 2560K, 0% used [0x00000000d5700000,0x00000000d5700000,0x00000000d5980000)
 ParOldGen       total 263680K, used 263249K [0x0000000080000000, 0x0000000090180000, 0x00000000d5580000)
  object space 263680K, 99% used [0x0000000080000000,0x0000000090114720,0x0000000090180000)
 Metaspace       used 93195K, committed 94976K, reserved 1179648K
  class space    used 10828K, committed 11776K, reserved 1048576K
}
Event: 22334.258 GC heap before
{Heap before GC invocations=4814 (full 5):
 PSYoungGen      total 2560K, used 2534K [0x00000000d5580000, 0x00000000d5d80000, 0x0000000100000000)
  eden space 1536K, 100% used [0x00000000d5580000,0x00000000d5700000,0x00000000d5700000)
  from space 1024K, 97% used [0x00000000d5980000,0x00000000d5a79b70,0x00000000d5a80000)
  to   space 2560K, 0% used [0x00000000d5700000,0x00000000d5700000,0x00000000d5980000)
 ParOldGen       total 263680K, used 263249K [0x0000000080000000, 0x0000000090180000, 0x00000000d5580000)
  object space 263680K, 99% used [0x0000000080000000,0x0000000090114720,0x0000000090180000)
 Metaspace       used 93195K, committed 94976K, reserved 1179648K
  class space    used 10828K, committed 11776K, reserved 1048576K
}
Event: 22334.260 GC heap after
{Heap after GC invocations=4814 (full 5):
 PSYoungGen      total 3072K, used 1062K [0x00000000d5580000, 0x00000000d5a80000, 0x0000000100000000)
  eden space 1536K, 0% used [0x00000000d5580000,0x00000000d5580000,0x00000000d5700000)
  from space 1536K, 69% used [0x00000000d5700000,0x00000000d5809830,0x00000000d5880000)
  to   space 1536K, 0% used [0x00000000d5900000,0x00000000d5900000,0x00000000d5a80000)
 ParOldGen       total 264192K, used 264176K [0x0000000080000000, 0x0000000090200000, 0x00000000d5580000)
  object space 264192K, 99% used [0x0000000080000000,0x00000000901fc270,0x0000000090200000)
 Metaspace       used 93195K, committed 94976K, reserved 1179648K
  class space    used 10828K, committed 11776K, reserved 1048576K
}
Event: 22334.262 GC heap before
{Heap before GC invocations=4815 (full 5):
 PSYoungGen      total 3072K, used 2598K [0x00000000d5580000, 0x00000000d5a80000, 0x0000000100000000)
  eden space 1536K, 99% used [0x00000000d5580000,0x00000000d56ffff0,0x00000000d5700000)
  from space 1536K, 69% used [0x00000000d5700000,0x00000000d5809830,0x00000000d5880000)
  to   space 1536K, 0% used [0x00000000d5900000,0x00000000d5900000,0x00000000d5a80000)
 ParOldGen       total 264192K, used 264176K [0x0000000080000000, 0x0000000090200000, 0x00000000d5580000)
  object space 264192K, 99% used [0x0000000080000000,0x00000000901fc270,0x0000000090200000)
 Metaspace       used 93195K, committed 94976K, reserved 1179648K
  class space    used 10828K, committed 11776K, reserved 1048576K
}
Event: 22334.263 GC heap after
{Heap after GC invocations=4815 (full 5):
 PSYoungGen      total 3072K, used 896K [0x00000000d5580000, 0x00000000d5a00000, 0x0000000100000000)
  eden space 2048K, 0% used [0x00000000d5580000,0x00000000d5580000,0x00000000d5780000)
  from space 1024K, 87% used [0x00000000d5900000,0x00000000d59e0000,0x00000000d5a00000)
  to   space 1024K, 0% used [0x00000000d5800000,0x00000000d5800000,0x00000000d5900000)
 ParOldGen       total 265216K, used 265110K [0x0000000080000000, 0x0000000090300000, 0x00000000d5580000)
  object space 265216K, 99% used [0x0000000080000000,0x00000000902e5aa0,0x0000000090300000)
 Metaspace       used 93195K, committed 94976K, reserved 1179648K
  class space    used 10828K, committed 11776K, reserved 1048576K
}
Event: 22336.834 GC heap before
{Heap before GC invocations=4816 (full 5):
 PSYoungGen      total 3072K, used 2943K [0x00000000d5580000, 0x00000000d5a00000, 0x0000000100000000)
  eden space 2048K, 99% used [0x00000000d5580000,0x00000000d577fc78,0x00000000d5780000)
  from space 1024K, 87% used [0x00000000d5900000,0x00000000d59e0000,0x00000000d5a00000)
  to   space 1024K, 0% used [0x00000000d5800000,0x00000000d5800000,0x00000000d5900000)
 ParOldGen       total 265216K, used 265110K [0x0000000080000000, 0x0000000090300000, 0x00000000d5580000)
  object space 265216K, 99% used [0x0000000080000000,0x00000000902e5aa0,0x0000000090300000)
 Metaspace       used 93203K, committed 94976K, reserved 1179648K
  class space    used 10828K, committed 11776K, reserved 1048576K
}
Event: 22336.836 GC heap after
{Heap after GC invocations=4816 (full 5):
 PSYoungGen      total 3584K, used 320K [0x00000000d5580000, 0x00000000d5a00000, 0x0000000100000000)
  eden space 2560K, 0% used [0x00000000d5580000,0x00000000d5580000,0x00000000d5800000)
  from space 1024K, 31% used [0x00000000d5800000,0x00000000d5850000,0x00000000d5900000)
  to   space 1024K, 0% used [0x00000000d5900000,0x00000000d5900000,0x00000000d5a00000)
 ParOldGen       total 265728K, used 265622K [0x0000000080000000, 0x0000000090380000, 0x00000000d5580000)
  object space 265728K, 99% used [0x0000000080000000,0x0000000090365aa0,0x0000000090380000)
 Metaspace       used 93203K, committed 94976K, reserved 1179648K
  class space    used 10828K, committed 11776K, reserved 1048576K
}

Dll operation events (15 events):
Event: 0.028 Loaded shared library c:\Users\sheeja\.vscode\extensions\redhat.java-1.53.0-win32-x64\jre\21.0.10-win32-x86_64\bin\java.dll
Event: 0.385 Loaded shared library c:\Users\sheeja\.vscode\extensions\redhat.java-1.53.0-win32-x64\jre\21.0.10-win32-x86_64\bin\zip.dll
Event: 0.441 Loaded shared library C:\Users\sheeja\.vscode\extensions\redhat.java-1.53.0-win32-x64\jre\21.0.10-win32-x86_64\bin\instrument.dll
Event: 0.450 Loaded shared library C:\Users\sheeja\.vscode\extensions\redhat.java-1.53.0-win32-x64\jre\21.0.10-win32-x86_64\bin\net.dll
Event: 0.452 Loaded shared library C:\Users\sheeja\.vscode\extensions\redhat.java-1.53.0-win32-x64\jre\21.0.10-win32-x86_64\bin\nio.dll
Event: 0.457 Loaded shared library C:\Users\sheeja\.vscode\extensions\redhat.java-1.53.0-win32-x64\jre\21.0.10-win32-x86_64\bin\zip.dll
Event: 0.527 Loaded shared library C:\Users\sheeja\.vscode\extensions\redhat.java-1.53.0-win32-x64\jre\21.0.10-win32-x86_64\bin\jimage.dll
Event: 0.718 Loaded shared library c:\Users\sheeja\.vscode\extensions\redhat.java-1.53.0-win32-x64\jre\21.0.10-win32-x86_64\bin\verify.dll
Event: 28.250 Loaded shared library C:\Users\sheeja\AppData\Roaming\Code\User\globalStorage\redhat.java\1.53.0\config_win\org.eclipse.equinox.launcher\org.eclipse.equinox.launcher.win32.win32.x86_64_1.3.0.v20260203-2149\eclipse_11919.dll
Event: 58.664 Loaded shared library C:\Users\sheeja\AppData\Local\Temp\jna--903459412\jna790386240008710322.dll
Event: 97.238 Loaded shared library C:\Users\sheeja\.vscode\extensions\redhat.java-1.53.0-win32-x64\jre\21.0.10-win32-x86_64\bin\sunmscapi.dll
Event: 97.569 Loaded shared library C:\Users\sheeja\.vscode\extensions\redhat.java-1.53.0-win32-x64\jre\21.0.10-win32-x86_64\bin\extnet.dll
Event: 154.027 Loaded shared library D:\GradleCache\native\1def1411415f61bf3af743bc5b6707747c0891f09f0c88961ee8f79bc544acac\windows-amd64\native-platform.dll
Event: 184.861 Loaded shared library C:\Users\sheeja\.vscode\extensions\redhat.java-1.53.0-win32-x64\jre\21.0.10-win32-x86_64\bin\management.dll
Event: 184.868 Loaded shared library C:\Users\sheeja\.vscode\extensions\redhat.java-1.53.0-win32-x64\jre\21.0.10-win32-x86_64\bin\management_ext.dll

Deoptimization events (20 events):
Event: 22288.526 Thread 0x000001978fc7aa90 Uncommon trap: trap_request=0xfffffff4 fr.pc=0x0000019739fd0248 relative=0x0000000000001608
Event: 22288.526 Thread 0x000001978fc7aa90 Uncommon trap: reason=null_check action=make_not_entrant pc=0x0000019739fd0248 method=java.lang.Class.reflectionData()Ljava/lang/Class$ReflectionData; @ 18 c2
Event: 22288.526 Thread 0x000001978fc7aa90 DEOPT PACKING pc=0x0000019739fd0248 sp=0x00000013bc2fd5b0
Event: 22288.527 Thread 0x000001978fc7aa90 DEOPT UNPACKING pc=0x0000019739176da2 sp=0x00000013bc2fd4a8 mode 2
Event: 22294.317 Thread 0x000001978cc05ee0 Uncommon trap: trap_request=0xfffffff4 fr.pc=0x00000197399e8894 relative=0x0000000000007314
Event: 22294.317 Thread 0x000001978cc05ee0 Uncommon trap: reason=null_check action=make_not_entrant pc=0x00000197399e8894 method=java.lang.Class.reflectionData()Ljava/lang/Class$ReflectionData; @ 18 c2
Event: 22294.317 Thread 0x000001978cc05ee0 DEOPT PACKING pc=0x00000197399e8894 sp=0x00000013bf8fe730
Event: 22294.317 Thread 0x000001978cc05ee0 DEOPT UNPACKING pc=0x0000019739176da2 sp=0x00000013bf8fe4a8 mode 2
Event: 23672.883 Thread 0x000001978cc05ee0 Uncommon trap: trap_request=0xffffff45 fr.pc=0x000001973a1c8054 relative=0x0000000000001fb4
Event: 23672.914 Thread 0x000001978cc05ee0 Uncommon trap: reason=unstable_if action=reinterpret pc=0x000001973a1c8054 method=org.eclipse.core.internal.localstore.FileSystemResourceManager.allPathsForLocation(Ljava/net/URI;)Ljava/util/ArrayList; @ 15 c2
Event: 23672.915 Thread 0x000001978cc05ee0 DEOPT PACKING pc=0x000001973a1c8054 sp=0x00000013bf8fed10
Event: 23672.917 Thread 0x000001978cc05ee0 DEOPT UNPACKING pc=0x0000019739176da2 sp=0x00000013bf8fec68 mode 2
Event: 23672.923 Thread 0x000001978cc05ee0 Uncommon trap: trap_request=0xffffff45 fr.pc=0x000001973a232568 relative=0x0000000000001308
Event: 23672.924 Thread 0x000001978cc05ee0 Uncommon trap: reason=unstable_if action=reinterpret pc=0x000001973a232568 method=org.eclipse.jdt.ls.core.internal.JDTUtils.findResource(Ljava/net/URI;Ljava/util/function/Function;)Lorg/eclipse/core/resources/IResource; @ 31 c2
Event: 23672.925 Thread 0x000001978cc05ee0 DEOPT PACKING pc=0x000001973a232568 sp=0x00000013bf8fee60
Event: 23672.925 Thread 0x000001978cc05ee0 DEOPT UNPACKING pc=0x0000019739176da2 sp=0x00000013bf8fee28 mode 2
Event: 23672.956 Thread 0x000001978cc05ee0 Uncommon trap: trap_request=0xffffff45 fr.pc=0x0000019739f51c28 relative=0x00000000000002c8
Event: 23672.957 Thread 0x000001978cc05ee0 Uncommon trap: reason=unstable_if action=reinterpret pc=0x0000019739f51c28 method=java.net.URI.equal(Ljava/lang/String;Ljava/lang/String;)Z @ 10 c2
Event: 23672.957 Thread 0x000001978cc05ee0 DEOPT PACKING pc=0x0000019739f51c28 sp=0x00000013bf8fedc0
Event: 23672.957 Thread 0x000001978cc05ee0 DEOPT UNPACKING pc=0x0000019739176da2 sp=0x00000013bf8fed50 mode 2

Classes loaded (20 events):
Event: 1174.579 Loading class java/util/stream/DistinctOps
Event: 1174.587 Loading class java/util/stream/DistinctOps done
Event: 1174.587 Loading class java/util/stream/DistinctOps$1
Event: 1174.599 Loading class java/util/stream/DistinctOps$1 done
Event: 1175.031 Loading class java/util/stream/DistinctOps$1$2
Event: 1175.035 Loading class java/util/stream/DistinctOps$1$2 done
Event: 1241.933 Loading class java/util/TreeMap$AscendingSubMap
Event: 1241.937 Loading class java/util/TreeMap$NavigableSubMap
Event: 1241.940 Loading class java/util/TreeMap$NavigableSubMap done
Event: 1241.940 Loading class java/util/TreeMap$AscendingSubMap done
Event: 1241.943 Loading class java/util/TreeMap$NavigableSubMap$SubMapKeyIterator
Event: 1241.944 Loading class java/util/TreeMap$NavigableSubMap$SubMapIterator
Event: 1241.945 Loading class java/util/TreeMap$NavigableSubMap$SubMapIterator done
Event: 1241.945 Loading class java/util/TreeMap$NavigableSubMap$SubMapKeyIterator done
Event: 1244.370 Loading class java/nio/file/Files$2
Event: 1244.372 Loading class java/nio/file/Files$2 done
Event: 1245.141 Loading class java/util/concurrent/ConcurrentHashMap$KeySpliterator
Event: 1245.157 Loading class java/util/concurrent/ConcurrentHashMap$KeySpliterator done
Event: 15911.061 Loading class java/nio/channels/CompletionHandler
Event: 15911.076 Loading class java/nio/channels/CompletionHandler done

Classes unloaded (20 events):
Event: 14448.628 Thread 0x000001972ea8f930 Unloading class 0x000001974700d800 'java/lang/invoke/LambdaForm$MH+0x000001974700d800'
Event: 14448.628 Thread 0x000001972ea8f930 Unloading class 0x000001974700d400 'java/lang/invoke/LambdaForm$MH+0x000001974700d400'
Event: 14448.628 Thread 0x000001972ea8f930 Unloading class 0x000001974700d000 'java/lang/invoke/LambdaForm$MH+0x000001974700d000'
Event: 14448.628 Thread 0x000001972ea8f930 Unloading class 0x000001974700cc00 'java/lang/invoke/LambdaForm$MH+0x000001974700cc00'
Event: 14448.628 Thread 0x000001972ea8f930 Unloading class 0x000001974700c800 'java/lang/invoke/LambdaForm$BMH+0x000001974700c800'
Event: 14448.628 Thread 0x000001972ea8f930 Unloading class 0x000001974700c000 'java/lang/invoke/LambdaForm$DMH+0x000001974700c000'
Event: 14448.628 Thread 0x000001972ea8f930 Unloading class 0x0000019747008c00 'java/lang/invoke/LambdaForm$MH+0x0000019747008c00'
Event: 14448.629 Thread 0x000001972ea8f930 Unloading class 0x0000019747008800 'java/lang/invoke/LambdaForm$MH+0x0000019747008800'
Event: 14448.629 Thread 0x000001972ea8f930 Unloading class 0x0000019747008400 'java/lang/invoke/LambdaForm$MH+0x0000019747008400'
Event: 14448.629 Thread 0x000001972ea8f930 Unloading class 0x0000019747007000 'java/lang/invoke/LambdaForm$MH+0x0000019747007000'
Event: 14448.629 Thread 0x000001972ea8f930 Unloading class 0x0000019747006800 'java/lang/invoke/LambdaForm$MH+0x0000019747006800'
Event: 14448.629 Thread 0x000001972ea8f930 Unloading class 0x0000019747006400 'java/lang/invoke/LambdaForm$MH+0x0000019747006400'
Event: 14448.629 Thread 0x000001972ea8f930 Unloading class 0x0000019747006000 'java/lang/invoke/LambdaForm$MH+0x0000019747006000'
Event: 14448.629 Thread 0x000001972ea8f930 Unloading class 0x0000019747005c00 'java/lang/invoke/LambdaForm$BMH+0x0000019747005c00'
Event: 14448.629 Thread 0x000001972ea8f930 Unloading class 0x0000019747004800 'java/lang/invoke/LambdaForm$DMH+0x0000019747004800'
Event: 14448.629 Thread 0x000001972ea8f930 Unloading class 0x0000019747002800 'java/lang/invoke/LambdaForm$MH+0x0000019747002800'
Event: 14448.630 Thread 0x000001972ea8f930 Unloading class 0x0000019747002400 'java/lang/invoke/LambdaForm$MH+0x0000019747002400'
Event: 14448.630 Thread 0x000001972ea8f930 Unloading class 0x0000019747002000 'java/lang/invoke/LambdaForm$MH+0x0000019747002000'
Event: 14448.630 Thread 0x000001972ea8f930 Unloading class 0x0000019747001800 'java/lang/invoke/LambdaForm$MH+0x0000019747001800'
Event: 14448.630 Thread 0x000001972ea8f930 Unloading class 0x0000019747000400 'java/lang/invoke/LambdaForm$MH+0x0000019747000400'

Classes redefined (0 events):
No events

Internal exceptions (20 events):
Event: 22336.728 Thread 0x0000019791853fc0 Exception <a 'sun/nio/fs/WindowsException'{0x00000000d571b6f8}> (0x00000000d571b6f8) 
thrown [s\src\hotspot\share\prims\jni.cpp, line 520]
Event: 22336.728 Thread 0x0000019791853fc0 Exception <a 'sun/nio/fs/WindowsException'{0x00000000d571dae0}> (0x00000000d571dae0) 
thrown [s\src\hotspot\share\prims\jni.cpp, line 520]
Event: 22336.729 Thread 0x0000019791853fc0 Exception <a 'sun/nio/fs/WindowsException'{0x00000000d571efe0}> (0x00000000d571efe0) 
thrown [s\src\hotspot\share\prims\jni.cpp, line 520]
Event: 22336.729 Thread 0x0000019791853fc0 Exception <a 'sun/nio/fs/WindowsException'{0x00000000d571f958}> (0x00000000d571f958) 
thrown [s\src\hotspot\share\prims\jni.cpp, line 520]
Event: 22336.729 Thread 0x0000019791853fc0 Exception <a 'sun/nio/fs/WindowsException'{0x00000000d5721088}> (0x00000000d5721088) 
thrown [s\src\hotspot\share\prims\jni.cpp, line 520]
Event: 22336.729 Thread 0x0000019791853fc0 Exception <a 'sun/nio/fs/WindowsException'{0x00000000d57217b8}> (0x00000000d57217b8) 
thrown [s\src\hotspot\share\prims\jni.cpp, line 520]
Event: 22336.729 Thread 0x0000019791853fc0 Exception <a 'sun/nio/fs/WindowsException'{0x00000000d5722f18}> (0x00000000d5722f18) 
thrown [s\src\hotspot\share\prims\jni.cpp, line 520]
Event: 22336.730 Thread 0x0000019791853fc0 Exception <a 'sun/nio/fs/WindowsException'{0x00000000d5723648}> (0x00000000d5723648) 
thrown [s\src\hotspot\share\prims\jni.cpp, line 520]
Event: 22336.730 Thread 0x0000019791853fc0 Exception <a 'sun/nio/fs/WindowsException'{0x00000000d5724b30}> (0x00000000d5724b30) 
thrown [s\src\hotspot\share\prims\jni.cpp, line 520]
Event: 22336.730 Thread 0x0000019791853fc0 Exception <a 'sun/nio/fs/WindowsException'{0x00000000d57254b0}> (0x00000000d57254b0) 
thrown [s\src\hotspot\share\prims\jni.cpp, line 520]
Event: 22336.730 Thread 0x0000019791853fc0 Exception <a 'sun/nio/fs/WindowsException'{0x00000000d57269b0}> (0x00000000d57269b0) 
thrown [s\src\hotspot\share\prims\jni.cpp, line 520]
Event: 22336.730 Thread 0x0000019791853fc0 Exception <a 'sun/nio/fs/WindowsException'{0x00000000d5727328}> (0x00000000d5727328) 
thrown [s\src\hotspot\share\prims\jni.cpp, line 520]
Event: 22336.731 Thread 0x0000019791853fc0 Exception <a 'sun/nio/fs/WindowsException'{0x00000000d5728750}> (0x00000000d5728750) 
thrown [s\src\hotspot\share\prims\jni.cpp, line 520]
Event: 22336.731 Thread 0x0000019791853fc0 Exception <a 'sun/nio/fs/WindowsException'{0x00000000d57290c8}> (0x00000000d57290c8) 
thrown [s\src\hotspot\share\prims\jni.cpp, line 520]
Event: 22336.732 Thread 0x0000019791853fc0 Exception <a 'sun/nio/fs/WindowsException'{0x00000000d572bf38}> (0x00000000d572bf38) 
thrown [s\src\hotspot\share\prims\jni.cpp, line 520]
Event: 22336.732 Thread 0x0000019791853fc0 Exception <a 'sun/nio/fs/WindowsException'{0x00000000d572c8a8}> (0x00000000d572c8a8) 
thrown [s\src\hotspot\share\prims\jni.cpp, line 520]
Event: 22336.733 Thread 0x0000019791853fc0 Exception <a 'sun/nio/fs/WindowsException'{0x00000000d572e068}> (0x00000000d572e068) 
thrown [s\src\hotspot\share\prims\jni.cpp, line 520]
Event: 22336.733 Thread 0x0000019791853fc0 Exception <a 'sun/nio/fs/WindowsException'{0x00000000d572ea38}> (0x00000000d572ea38) 
thrown [s\src\hotspot\share\prims\jni.cpp, line 520]
Event: 22336.733 Thread 0x0000019791853fc0 Exception <a 'sun/nio/fs/WindowsException'{0x00000000d5730a70}> (0x00000000d5730a70) 
thrown [s\src\hotspot\share\prims\jni.cpp, line 520]
Event: 22336.733 Thread 0x0000019791853fc0 Exception <a 'sun/nio/fs/WindowsException'{0x00000000d5731400}> (0x00000000d5731400) 
thrown [s\src\hotspot\share\prims\jni.cpp, line 520]

ZGC Phase Switch (0 events):
No events

VM Operations (20 events):
Event: 22334.258 Executing safepoint VM operation: ParallelGCFailedAllocation (Allocation Failure)
Event: 22334.260 Executing safepoint VM operation: ParallelGCFailedAllocation (Allocation Failure) done
Event: 22334.262 Executing safepoint VM operation: ParallelGCFailedAllocation (Allocation Failure)
Event: 22334.263 Executing safepoint VM operation: ParallelGCFailedAllocation (Allocation Failure) done
Event: 22336.834 Executing safepoint VM operation: ParallelGCFailedAllocation (Allocation Failure)
Event: 22336.836 Executing safepoint VM operation: ParallelGCFailedAllocation (Allocation Failure) done
Event: 22393.597 Executing non-safepoint VM operation: HandshakeAllThreads (HandshakeForDeflation)
Event: 22393.598 Executing non-safepoint VM operation: HandshakeAllThreads (HandshakeForDeflation) done
Event: 22393.598 Executing non-safepoint VM operation: RendezvousGCThreads
Event: 22393.598 Executing non-safepoint VM operation: RendezvousGCThreads done
Event: 22413.608 Executing safepoint VM operation: Cleanup
Event: 22413.608 Executing safepoint VM operation: Cleanup done
Event: 22453.732 Executing non-safepoint VM operation: HandshakeAllThreads (HandshakeForDeflation)
Event: 22453.734 Executing non-safepoint VM operation: HandshakeAllThreads (HandshakeForDeflation) done
Event: 22453.734 Executing non-safepoint VM operation: RendezvousGCThreads
Event: 22453.734 Executing non-safepoint VM operation: RendezvousGCThreads done
Event: 23355.703 Executing non-safepoint VM operation: HandshakeAllThreads (HandshakeForDeflation)
Event: 23355.908 Executing non-safepoint VM operation: HandshakeAllThreads (HandshakeForDeflation) done
Event: 23355.908 Executing non-safepoint VM operation: RendezvousGCThreads
Event: 23355.908 Executing non-safepoint VM operation: RendezvousGCThreads done

Memory protections (0 events):
No events

Nmethod flushes (20 events):
Event: 14452.073 Thread 0x000001972ea8f930 flushing  nmethod 0x0000019733533410
Event: 14452.073 Thread 0x000001972ea8f930 flushing  nmethod 0x000001973353f710
Event: 14452.073 Thread 0x000001972ea8f930 flushing  nmethod 0x0000019733540d90
Event: 14452.073 Thread 0x000001972ea8f930 flushing  nmethod 0x0000019733542210
Event: 14452.073 Thread 0x000001972ea8f930 flushing  nmethod 0x0000019733543b90
Event: 14452.073 Thread 0x000001972ea8f930 flushing  nmethod 0x0000019733543f90
Event: 14452.073 Thread 0x000001972ea8f930 flushing osr nmethod 0x0000019733552710
Event: 14452.074 Thread 0x000001972ea8f930 flushing  nmethod 0x0000019733570d90
Event: 14452.074 Thread 0x000001972ea8f930 flushing osr nmethod 0x0000019733579a10
Event: 14452.074 Thread 0x000001972ea8f930 flushing  nmethod 0x000001973357dd10
Event: 14452.074 Thread 0x000001972ea8f930 flushing  nmethod 0x0000019733580e90
Event: 14452.074 Thread 0x000001972ea8f930 flushing  nmethod 0x0000019733582490
Event: 14452.074 Thread 0x000001972ea8f930 flushing  nmethod 0x0000019733584d10
Event: 14452.074 Thread 0x000001972ea8f930 flushing  nmethod 0x000001973359b890
Event: 14452.074 Thread 0x000001972ea8f930 flushing  nmethod 0x00000197335a9890
Event: 14452.074 Thread 0x000001972ea8f930 flushing  nmethod 0x00000197335cf990
Event: 14452.074 Thread 0x000001972ea8f930 flushing  nmethod 0x0000019733607f10
Event: 14452.075 Thread 0x000001972ea8f930 flushing  nmethod 0x0000019733615d10
Event: 14452.075 Thread 0x000001972ea8f930 flushing  nmethod 0x000001973361b290
Event: 14452.075 Thread 0x000001972ea8f930 flushing  nmethod 0x000001973361eb10

Events (20 events):
Event: 22319.228 Thread 0x000001978cc05ee0 Thread added: 0x000001978fc79050
Event: 22326.606 Thread 0x000001978fc79050 Thread exited: 0x000001978fc79050
Event: 22326.617 Thread 0x000001978cc05ee0 Thread added: 0x000001978fc7aa90
Event: 22334.268 Thread 0x000001978fc7aa90 Thread exited: 0x000001978fc7aa90
Event: 22336.628 Thread 0x0000019791853fc0 Thread added: 0x000001978fc78330
Event: 22336.635 Thread 0x000001978fc78330 Thread exited: 0x000001978fc78330
Event: 22336.740 Thread 0x0000019791853fc0 Thread added: 0x000001978fc78330
Event: 22336.778 Thread 0x000001978fc78330 Thread added: 0x000001978fc789c0
Event: 22336.780 Thread 0x000001978fc78330 Thread added: 0x000001978fc79050
Event: 22336.780 Thread 0x000001978fc78330 Thread added: 0x000001978fc796e0
Event: 22336.781 Thread 0x000001978fc789c0 Thread added: 0x000001978fc79d70
Event: 22336.781 Thread 0x000001978fc78330 Thread added: 0x000001978fc7aa90
Event: 22336.782 Thread 0x000001978fc796e0 Thread added: 0x000001978fc7b120
Event: 22336.783 Thread 0x000001978fc78330 Thread exited: 0x000001978fc78330
Event: 22336.783 Thread 0x000001978fc7aa90 Thread exited: 0x000001978fc7aa90
Event: 22336.783 Thread 0x000001978fc79d70 Thread exited: 0x000001978fc79d70
Event: 22336.783 Thread 0x000001978fc7b120 Thread exited: 0x000001978fc7b120
Event: 22336.783 Thread 0x000001978fc796e0 Thread exited: 0x000001978fc796e0
Event: 22336.783 Thread 0x000001978fc79050 Thread exited: 0x000001978fc79050
Event: 22336.783 Thread 0x000001978fc789c0 Thread exited: 0x000001978fc789c0


Dynamic libraries:
0x00007ff701ed0000 - 0x00007ff701ede000 	c:\Users\sheeja\.vscode\extensions\redhat.java-1.53.0-win32-x64\jre\21.0.10-win32-x86_64\bin\java.exe
0x00007ffa86f60000 - 0x00007ffa871c8000 	C:\WINDOWS\SYSTEM32\ntdll.dll
0x00007ffa855e0000 - 0x00007ffa856a9000 	C:\WINDOWS\System32\KERNEL32.DLL
0x00007ffa846b0000 - 0x00007ffa84aa1000 	C:\WINDOWS\System32\KERNELBASE.dll
0x00007ffa844a0000 - 0x00007ffa845eb000 	C:\WINDOWS\System32\ucrtbase.dll
0x00007ff9efcd0000 - 0x00007ff9efce8000 	c:\Users\sheeja\.vscode\extensions\redhat.java-1.53.0-win32-x64\jre\21.0.10-win32-x86_64\bin\jli.dll
0x00007ffa85ea0000 - 0x00007ffa86066000 	C:\WINDOWS\System32\USER32.dll
0x00007ffa84c20000 - 0x00007ffa84c47000 	C:\WINDOWS\System32\win32u.dll
0x00007ffa86c90000 - 0x00007ffa86cbb000 	C:\WINDOWS\System32\GDI32.dll
0x00007ffa83840000 - 0x00007ffa8396b000 	C:\WINDOWS\System32\gdi32full.dll
0x00007ffa84c50000 - 0x00007ffa84cf3000 	C:\WINDOWS\System32\msvcp_win.dll
0x00007ff9efcf0000 - 0x00007ff9efd0e000 	c:\Users\sheeja\.vscode\extensions\redhat.java-1.53.0-win32-x64\jre\21.0.10-win32-x86_64\bin\VCRUNTIME140.dll
0x00007ffa61bd0000 - 0x00007ffa61e63000 	C:\WINDOWS\WinSxS\amd64_microsoft.windows.common-controls_6595b64144ccf1df_6.0.26100.7824_none_3e0870b2e3345462\COMCTL32.dll
0x00007ffa86d70000 - 0x00007ffa86e19000 	C:\WINDOWS\System32\msvcrt.dll
0x00007ffa86ab0000 - 0x00007ffa86ae1000 	C:\WINDOWS\System32\IMM32.DLL
0x00007ffa3c400000 - 0x00007ffa3c40c000 	c:\Users\sheeja\.vscode\extensions\redhat.java-1.53.0-win32-x64\jre\21.0.10-win32-x86_64\bin\vcruntime140_1.dll
0x00007ff9efc40000 - 0x00007ff9efccd000 	c:\Users\sheeja\.vscode\extensions\redhat.java-1.53.0-win32-x64\jre\21.0.10-win32-x86_64\bin\msvcp140.dll
0x00007ff9ee680000 - 0x00007ff9ef421000 	c:\Users\sheeja\.vscode\extensions\redhat.java-1.53.0-win32-x64\jre\21.0.10-win32-x86_64\bin\server\jvm.dll
0x00007ffa856e0000 - 0x00007ffa85794000 	C:\WINDOWS\System32\ADVAPI32.dll
0x00007ffa86cc0000 - 0x00007ffa86d66000 	C:\WINDOWS\System32\sechost.dll
0x00007ffa86af0000 - 0x00007ffa86c08000 	C:\WINDOWS\System32\RPCRT4.dll
0x00007ffa86c10000 - 0x00007ffa86c84000 	C:\WINDOWS\System32\WS2_32.dll
0x00007ffa836c0000 - 0x00007ffa8371e000 	C:\WINDOWS\SYSTEM32\POWRPROF.dll
0x00007ffa802b0000 - 0x00007ffa802e5000 	C:\WINDOWS\SYSTEM32\WINMM.dll
0x00007ffa71670000 - 0x00007ffa7167b000 	C:\WINDOWS\SYSTEM32\VERSION.dll
0x00007ffa836a0000 - 0x00007ffa836b4000 	C:\WINDOWS\SYSTEM32\UMPDC.dll
0x00007ffa825b0000 - 0x00007ffa825cb000 	C:\WINDOWS\SYSTEM32\kernel.appcore.dll
0x00007ffa4afe0000 - 0x00007ffa4afea000 	c:\Users\sheeja\.vscode\extensions\redhat.java-1.53.0-win32-x64\jre\21.0.10-win32-x86_64\bin\jimage.dll
0x00007ffa816b0000 - 0x00007ffa818f2000 	C:\WINDOWS\SYSTEM32\DBGHELP.DLL
0x00007ffa85820000 - 0x00007ffa85ba6000 	C:\WINDOWS\System32\combase.dll
0x00007ffa867b0000 - 0x00007ffa86887000 	C:\WINDOWS\System32\OLEAUT32.dll
0x00007ffa80270000 - 0x00007ffa802ab000 	C:\WINDOWS\SYSTEM32\dbgcore.DLL
0x00007ffa83970000 - 0x00007ffa83a15000 	C:\WINDOWS\System32\bcryptPrimitives.dll
0x00007ffa3bbd0000 - 0x00007ffa3bbdf000 	c:\Users\sheeja\.vscode\extensions\redhat.java-1.53.0-win32-x64\jre\21.0.10-win32-x86_64\bin\instrument.dll
0x00007ffa3c350000 - 0x00007ffa3c370000 	c:\Users\sheeja\.vscode\extensions\redhat.java-1.53.0-win32-x64\jre\21.0.10-win32-x86_64\bin\java.dll
0x00007ffa84d00000 - 0x00007ffa85452000 	C:\WINDOWS\System32\SHELL32.dll
0x00007ffa84ab0000 - 0x00007ffa84c1a000 	C:\WINDOWS\System32\wintypes.dll
0x00007ffa83a20000 - 0x00007ffa84283000 	C:\WINDOWS\System32\windows.storage.dll
0x00007ffa86e20000 - 0x00007ffa86f16000 	C:\WINDOWS\System32\SHCORE.dll
0x00007ffa857b0000 - 0x00007ffa85817000 	C:\WINDOWS\System32\shlwapi.dll
0x00007ffa83760000 - 0x00007ffa83789000 	C:\WINDOWS\SYSTEM32\profapi.dll
0x00007ffa3a0c0000 - 0x00007ffa3a0d8000 	c:\Users\sheeja\.vscode\extensions\redhat.java-1.53.0-win32-x64\jre\21.0.10-win32-x86_64\bin\zip.dll
0x00007ffa3c250000 - 0x00007ffa3c260000 	C:\Users\sheeja\.vscode\extensions\redhat.java-1.53.0-win32-x64\jre\21.0.10-win32-x86_64\bin\net.dll
0x00007ffa74a40000 - 0x00007ffa74b67000 	C:\WINDOWS\SYSTEM32\WINHTTP.dll
0x00007ffa82b30000 - 0x00007ffa82b9b000 	C:\WINDOWS\system32\mswsock.dll
0x00007ffa38dc0000 - 0x00007ffa38dd6000 	C:\Users\sheeja\.vscode\extensions\redhat.java-1.53.0-win32-x64\jre\21.0.10-win32-x86_64\bin\nio.dll
0x00007ffa3ba80000 - 0x00007ffa3ba90000 	c:\Users\sheeja\.vscode\extensions\redhat.java-1.53.0-win32-x64\jre\21.0.10-win32-x86_64\bin\verify.dll
0x00007ffa3bc60000 - 0x00007ffa3bca5000 	C:\Users\sheeja\AppData\Roaming\Code\User\globalStorage\redhat.java\1.53.0\config_win\org.eclipse.equinox.launcher\org.eclipse.equinox.launcher.win32.win32.x86_64_1.3.0.v20260203-2149\eclipse_11919.dll
0x00007ffa86180000 - 0x00007ffa86317000 	C:\WINDOWS\System32\ole32.dll
0x00007ffa82e20000 - 0x00007ffa82e3b000 	C:\WINDOWS\SYSTEM32\CRYPTSP.dll
0x00007ffa82510000 - 0x00007ffa82549000 	C:\WINDOWS\system32\rsaenh.dll
0x00007ffa82c00000 - 0x00007ffa82c2b000 	C:\WINDOWS\SYSTEM32\USERENV.dll
0x00007ffa83730000 - 0x00007ffa8375a000 	C:\WINDOWS\SYSTEM32\bcrypt.dll
0x00007ffa82e40000 - 0x00007ffa82e4c000 	C:\WINDOWS\SYSTEM32\CRYPTBASE.dll
0x00007ffa81fa0000 - 0x00007ffa81fd4000 	C:\WINDOWS\SYSTEM32\IPHLPAPI.DLL
0x00007ffa855d0000 - 0x00007ffa855da000 	C:\WINDOWS\System32\NSI.dll
0x00007ffa5dd80000 - 0x00007ffa5ddc9000 	C:\Users\sheeja\AppData\Local\Temp\jna--903459412\jna790386240008710322.dll
0x00007ffa86a10000 - 0x00007ffa86a18000 	C:\WINDOWS\System32\PSAPI.DLL
0x00007ffa74ba0000 - 0x00007ffa74bbe000 	C:\WINDOWS\SYSTEM32\dhcpcsvc6.DLL
0x00007ffa74b70000 - 0x00007ffa74b93000 	C:\WINDOWS\SYSTEM32\dhcpcsvc.DLL
0x00007ffa4c030000 - 0x00007ffa4c03e000 	C:\Users\sheeja\.vscode\extensions\redhat.java-1.53.0-win32-x64\jre\21.0.10-win32-x86_64\bin\sunmscapi.dll
0x00007ffa84320000 - 0x00007ffa84497000 	C:\WINDOWS\System32\CRYPT32.dll
0x00007ffa83040000 - 0x00007ffa83070000 	C:\WINDOWS\SYSTEM32\ncrypt.dll
0x00007ffa82ff0000 - 0x00007ffa8302f000 	C:\WINDOWS\SYSTEM32\NTASN1.dll
0x00007ffa82030000 - 0x00007ffa8215c000 	C:\WINDOWS\SYSTEM32\DNSAPI.dll
0x00000000523b0000 - 0x00000000523d6000 	C:\Program Files\Bonjour\mdnsNSP.dll
0x00007ffa71680000 - 0x00007ffa7168b000 	C:\Windows\System32\rasadhlp.dll
0x00007ffa750c0000 - 0x00007ffa75146000 	C:\WINDOWS\System32\fwpuclnt.dll
0x00007ffa4c020000 - 0x00007ffa4c029000 	C:\Users\sheeja\.vscode\extensions\redhat.java-1.53.0-win32-x64\jre\21.0.10-win32-x86_64\bin\extnet.dll
0x00007ffa6d330000 - 0x00007ffa6d357000 	D:\GradleCache\native\1def1411415f61bf3af743bc5b6707747c0891f09f0c88961ee8f79bc544acac\windows-amd64\native-platform.dll
0x00007ffa4bf90000 - 0x00007ffa4bf9a000 	C:\Users\sheeja\.vscode\extensions\redhat.java-1.53.0-win32-x64\jre\21.0.10-win32-x86_64\bin\management.dll
0x00007ffa4bf80000 - 0x00007ffa4bf8c000 	C:\Users\sheeja\.vscode\extensions\redhat.java-1.53.0-win32-x64\jre\21.0.10-win32-x86_64\bin\management_ext.dll
0x00007ffa05b40000 - 0x00007ffa05b48000 	C:\WINDOWS\system32\wshunix.dll

JVMTI agents:
c:\Users\sheeja\.vscode\extensions\redhat.java-1.53.0-win32-x64\lombok\lombok-1.18.39-4050.jar path:c:\Users\sheeja\.vscode\extensions\redhat.java-1.53.0-win32-x64\jre\21.0.10-win32-x86_64\bin\instrument.dll, loaded, initialized, instrumentlib options:none

dbghelp: loaded successfully - version: 4.0.5 - missing functions: none
symbol engine: initialized successfully - sym options: 0x614 - pdb path: .;c:\Users\sheeja\.vscode\extensions\redhat.java-1.53.0-win32-x64\jre\21.0.10-win32-x86_64\bin;C:\WINDOWS\SYSTEM32;C:\WINDOWS\WinSxS\amd64_microsoft.windows.common-controls_6595b64144ccf1df_6.0.26100.7824_none_3e0870b2e3345462;c:\Users\sheeja\.vscode\extensions\redhat.java-1.53.0-win32-x64\jre\21.0.10-win32-x86_64\bin\server;C:\Users\sheeja\AppData\Roaming\Code\User\globalStorage\redhat.java\1.53.0\config_win\org.eclipse.equinox.launcher\org.eclipse.equinox.launcher.win32.win32.x86_64_1.3.0.v20260203-2149;C:\Users\sheeja\AppData\Local\Temp\jna--903459412;C:\Program Files\Bonjour;D:\GradleCache\native\1def1411415f61bf3af743bc5b6707747c0891f09f0c88961ee8f79bc544acac\windows-amd64

VM Arguments:
jvm_args: --add-modules=ALL-SYSTEM --add-opens=java.base/java.util=ALL-UNNAMED --add-opens=java.base/java.lang=ALL-UNNAMED --add-opens=java.base/sun.nio.fs=ALL-UNNAMED -Declipse.application=org.eclipse.jdt.ls.core.id1 -Dosgi.bundles.defaultStartLevel=4 -Declipse.product=org.eclipse.jdt.ls.core.product -Djava.import.generatesMetadataFilesAtProjectRoot=false -DDetectVMInstallationsJob.disabled=true -Dfile.encoding=utf8 -XX:+UseParallelGC -XX:GCTimeRatio=4 -XX:AdaptiveSizePolicyWeight=90 -Dsun.zip.disableMemoryMapping=true -Xmx2G -Xms100m -Xlog:disable -javaagent:c:\Users\sheeja\.vscode\extensions\redhat.java-1.53.0-win32-x64\lombok\lombok-1.18.39-4050.jar -XX:+HeapDumpOnOutOfMemoryError -XX:HeapDumpPath=c:\Users\sheeja\AppData\Roaming\Code\User\workspaceStorage\702ba7796854479cc80baa7ae8f6b766\redhat.java -Daether.dependencyCollector.impl=bf 
java_command: c:\Users\sheeja\.vscode\extensions\redhat.java-1.53.0-win32-x64\server\plugins\org.eclipse.equinox.launcher_1.7.100.v20251111-0406.jar -configuration c:\Users\sheeja\AppData\Roaming\Code\User\globalStorage\redhat.java\1.53.0\config_win -data c:\Users\sheeja\AppData\Roaming\Code\User\workspaceStorage\702ba7796854479cc80baa7ae8f6b766\redhat.java\jdt_ws --pipe=\\.\pipe\lsp-7f5a64eb545ec092bf407b5b0daeceff-sock
java_class_path (initial): c:\Users\sheeja\.vscode\extensions\redhat.java-1.53.0-win32-x64\server\plugins\org.eclipse.equinox.launcher_1.7.100.v20251111-0406.jar
Launcher Type: SUN_STANDARD

[Global flags]
    uintx AdaptiveSizePolicyWeight                 = 90                                        {product} {command line}
     intx CICompilerCount                          = 4                                         {product} {ergonomic}
    uintx GCTimeRatio                              = 4                                         {product} {command line}
     bool HeapDumpOnOutOfMemoryError               = true                                   {manageable} {command line}
    ccstr HeapDumpPath                             = c:\Users\sheeja\AppData\Roaming\Code\User\workspaceStorage\702ba7796854479cc80baa7ae8f6b766\redhat.java         {manageable} {command line}
   size_t InitialHeapSize                          = 104857600                                 {product} {command line}
   size_t MaxHeapSize                              = 2147483648                                {product} {command line}
   size_t MaxNewSize                               = 715653120                                 {product} {ergonomic}
   size_t MinHeapDeltaBytes                        = 524288                                    {product} {ergonomic}
   size_t MinHeapSize                              = 104857600                                 {product} {command line}
   size_t NewSize                                  = 34603008                                  {product} {ergonomic}
    uintx NonNMethodCodeHeapSize                   = 5839372                                {pd product} {ergonomic}
    uintx NonProfiledCodeHeapSize                  = 122909434                              {pd product} {ergonomic}
   size_t OldSize                                  = 70254592                                  {product} {ergonomic}
    uintx ProfiledCodeHeapSize                     = 122909434                              {pd product} {ergonomic}
    uintx ReservedCodeCacheSize                    = 251658240                              {pd product} {ergonomic}
     bool SegmentedCodeCache                       = true                                      {product} {ergonomic}
   size_t SoftMaxHeapSize                          = 2147483648                             {manageable} {ergonomic}
     bool UseCompressedOops                        = true                           {product lp64_product} {ergonomic}
     bool UseLargePagesIndividualAllocation        = false                                  {pd product} {ergonomic}
     bool UseParallelGC                            = true                                      {product} {command line}

Logging:
Log output configuration:
 #0: stdout all=off uptime,level,tags foldmultilines=false
 #1: stderr all=off uptime,level,tags foldmultilines=false

Release file:
JAVA_VERSION="21.0.10" 
MODULES="java.base java.compiler java.datatransfer java.xml java.prefs java.desktop java.instrument java.logging java.management java.security.sasl java.naming java.rmi java.management.rmi java.net.http java.scripting java.security.jgss java.transaction.xa java.sql java.sql.rowset java.xml.crypto java.se java.smartcardio jdk.accessibility jdk.internal.jvmstat jdk.attach jdk.charsets jdk.internal.opt jdk.zipfs jdk.compiler jdk.crypto.ec jdk.crypto.cryptoki jdk.crypto.mscapi jdk.dynalink jdk.internal.ed jdk.editpad jdk.hotspot.agent jdk.httpserver jdk.internal.le jdk.internal.vm.ci jdk.internal.vm.compiler jdk.internal.vm.compiler.management jdk.jartool jdk.javadoc jdk.jcmd jdk.management jdk.management.agent jdk.jconsole jdk.jdeps jdk.jdwp.agent jdk.jdi jdk.jfr jdk.jshell jdk.jsobject jdk.jstatd jdk.localedata jdk.management.jfr jdk.naming.dns jdk.naming.rmi jdk.net jdk.nio.mapmode jdk.random jdk.sctp jdk.security.auth jdk.security.jgss jdk.unsupported jdk.unsupported.desktop jdk.xml.dom" 

Environment Variables:
JAVA_HOME=C:\Program Files\Java\jdk-17
PATH=C:\Program Files\Java\jdk-17\bin;C:\Program Files (x86)\VMware\VMware Workstation\bin\;C:\Program Files\Common Files\Oracle\Java\javapath;C:\Program Files (x86)\Common Files\Oracle\Java\java8path;C:\Program Files (x86)\Common Files\Oracle\Java\javapath;C:\ProgramData\Oracle\Java\javapath;C:\WINDOWS\system32;C:\WINDOWS;C:\WINDOWS\System32\Wbem;C:\WINDOWS\System32\WindowsPowerShell\v1.0\;C:\WINDOWS\System32\OpenSSH\;C:\Program Files\dotnet\;C:\Program Files\Git\cmd;C:\TDM-GCC-64\bin;C:\Users\sheeja\AppData\Local\Programs\Python\Python310;C:\Program Files\Java\jdk-20\bin;C:\Program Files\Java\jdk-17\bin;D:\Program\bin;C:\Users\sheeja\AppData\Local\Programs\Python\Python310\Scripts;D:\Program Files\;C:\Program Files\Graphviz\bin;D:\Program Files\nodejs\;C:\ProgramData\chocolatey\bin;d:\Program\cursor\resources\app\bin;C:\Program Files\scala-cli-x86_64-pc-win32\;C:\Program Files (x86)\sbt\bin;C:\Program Files\Amazon\AWSCLIV2\;$($env:PATH);C:\Users\sheeja\AppData\Local\Android\Sdk\platform-tools;$($env:PATH);C:\Users\sheeja\AppData\Local\Android\Sdk\platform-tools;D:\Microsoft VS Code\bin;C:\Program Files\Java\jdk-17\bin;D:\Dev\android\cmdline-tools\19.0\bin;D:\Dev\android\platform-tools;D:\Dev\android\emulator;
USERNAME=sheeja
OS=Windows_NT
PROCESSOR_IDENTIFIER=Intel64 Family 6 Model 140 Stepping 1, GenuineIntel
TMP=C:\Users\sheeja\AppData\Local\Temp
TEMP=C:\Users\sheeja\AppData\Local\Temp




Periodic native trim disabled

---------------  S Y S T E M  ---------------

OS:
 Windows 11 , 64 bit Build 26100 (10.0.26100.7705)
OS uptime: 0 days 6:50 hours
Hyper-V role detected

CPU: total 8 (initial active 8) (4 cores per cpu, 2 threads per core) family 6 model 140 stepping 1 microcode 0xbc, cx8, cmov, fxsr, ht, mmx, 3dnowpref, sse, sse2, sse3, ssse3, sse4.1, sse4.2, popcnt, lzcnt, tsc, tscinvbit, avx, avx2, aes, erms, clmul, bmi1, bmi2, adx, avx512f, avx512dq, avx512cd, avx512bw, avx512vl, sha, fma, vzeroupper, avx512_vpopcntdq, avx512_vpclmulqdq, avx512_vaes, avx512_vnni, clflush, clflushopt, clwb, avx512_vbmi2, avx512_vbmi, hv, rdtscp, rdpid, fsrm, gfni, avx512_bitalg, f16c, cet_ibt, cet_ss, avx512_ifma
Processor Information for the first 8 processors :
  Max Mhz: 2419, Current Mhz: 2419, Mhz Limit: 2419

Memory: 4k page, system-wide physical 7918M (1050M free)
TotalPageFile size 32494M (AvailPageFile size 56M)
current process WorkingSet (physical memory assigned to process): 20M, peak: 1473M
current process commit charge ("private bytes"): 647M, peak: 1721M

vm_info: OpenJDK 64-Bit Server VM (21.0.10+7-LTS) for windows-amd64 JRE (21.0.10+7-LTS), built on 2026-01-20T00:00:00Z by "admin" with MS VC++ 17.12 (VS2022)

END.
