2026.05.17 11:50:24 WARN  Using H2 2.4.240 which is newer than the version Flyway has been verified with. The latest verified version of H2 is 2.3.232.
2026.05.17 11:52:55 INFO  no build target found for D:\FINAL_YEAR\React_App_new\AgriApp_frontend_and_backend\App\android\app\src\main\java\com\smolchatrn\LLMModulePackage.java. Using fallback presentation compiler.
2026.05.17 11:52:55 INFO  no build target found for D:\FINAL_YEAR\React_App_new\AgriApp_frontend_and_backend\App\android\app\src\main\java\com\smolchatrn\LLMModule.java. Using fallback presentation compiler.
2026.05.17 12:58:59 INFO  no build target found for D:\FINAL_YEAR\React_App_new\AgriApp_frontend_and_backend\App\android\app\src\main\java\com\smolchatrn\LLMModule.java. Using fallback presentation compiler.
2026.05.17 12:58:59 INFO  no build target found for D:\FINAL_YEAR\React_App_new\AgriApp_frontend_and_backend\App\android\app\src\main\java\com\smolchatrn\LLMModule.java. Using fallback presentation compiler.
2026.05.17 12:59:04 INFO  no build target found for D:\FINAL_YEAR\React_App_new\AgriApp_frontend_and_backend\App\android\app\src\main\java\com\smolchatrn\LLMModulePackage.java. Using fallback presentation compiler.
2026.05.17 12:59:04 INFO  no build target found for D:\FINAL_YEAR\React_App_new\AgriApp_frontend_and_backend\App\android\app\src\main\java\com\smolchatrn\LLMModulePackage.java. Using fallback presentation compiler.
2026.05.17 12:59:21 INFO  no build target found for D:\FINAL_YEAR\React_App_new\AgriApp_frontend_and_backend\App\android\app\src\main\java\com\planthub\LLMModule.java. Using fallback presentation compiler.
2026.05.17 12:59:21 WARN  no build target for: D:\FINAL_YEAR\React_App_new\AgriApp_frontend_and_backend\App\android\app\src\main\java\com\planthub\LLMModule.java
2026.05.17 12:59:25 INFO  no build target found for D:\FINAL_YEAR\React_App_new\AgriApp_frontend_and_backend\App\android\app\src\main\java\com\planthub\LLMModulePackage.java. Using fallback presentation compiler.
2026.05.17 12:59:25 WARN  no build target for: D:\FINAL_YEAR\React_App_new\AgriApp_frontend_and_backend\App\android\app\src\main\java\com\planthub\LLMModulePackage.java
2026.05.17 12:59:32 INFO  no build target found for d:\FINAL_YEAR\React_App_new\AgriApp_frontend_and_backend\App\android\app\src\main\java\com\smolchatrn\LLMModule.java. Using fallback presentation compiler.
2026.05.17 12:59:36 INFO  no build target found for d:\FINAL_YEAR\React_App_new\AgriApp_frontend_and_backend\App\android\app\src\main\java\com\smolchatrn\LLMModulePackage.java. Using fallback presentation compiler.
2026.05.17 15:18:13 INFO  Shutting down server
2026.05.17 15:18:13 INFO  Memory monitor stopped
2026.05.17 15:18:13 INFO  shutting down Metals
2026.05.17 15:18:14 INFO  Exiting server
2026.05.17 15:51:58 INFO  Started: Metals version 1.6.7 in folders 'D:\FINAL_YEAR\React_App_new\AgriApp_frontend_and_backend\App' for client Visual Studio Code 1.120.0.
2026.05.17 15:51:58 INFO  Memory monitor started
2026.05.17 15:52:02 WARN  Using H2 2.4.240 which is newer than the version Flyway has been verified with. The latest verified version of H2 is 2.3.232.
2026.05.17 16:01:53 INFO  Shutting down server
2026.05.17 16:01:53 INFO  Memory monitor stopped
2026.05.17 16:01:53 INFO  shutting down Metals
2026.05.17 16:01:55 ERROR Unexpected error initializing server: 
org.eclipse.lsp4j.jsonrpc.ResponseErrorException: Request window/showMessageRequest failed with message: Canceled
	at org.eclipse.lsp4j.jsonrpc.RemoteEndpoint.handleResponse(RemoteEndpoint.java:214)
	at org.eclipse.lsp4j.jsonrpc.RemoteEndpoint.consume(RemoteEndpoint.java:198)
	at org.eclipse.lsp4j.jsonrpc.json.StreamMessageProducer.handleMessage(StreamMessageProducer.java:189)
	at org.eclipse.lsp4j.jsonrpc.json.StreamMessageProducer.listen(StreamMessageProducer.java:97)
	at org.eclipse.lsp4j.jsonrpc.json.ConcurrentMessageProcessor.run(ConcurrentMessageProcessor.java:97)
	at java.util.concurrent.Executors$RunnableAdapter.call(Executors.java:539)
	at java.util.concurrent.FutureTask.run(FutureTask.java:264)
	at java.util.concurrent.ThreadPoolExecutor.runWorker(ThreadPoolExecutor.java:1136)
	at java.util.concurrent.ThreadPoolExecutor$Worker.run(ThreadPoolExecutor.java:635)
	at java.lang.Thread.run(Thread.java:842)

2026.05.17 16:55:40 INFO  Started: Metals version 1.6.7 in folders 'D:\FINAL_YEAR\React_App_new\AgriApp_frontend_and_backend\App' for client Visual Studio Code 1.120.0.
2026.05.17 16:55:41 INFO  Memory monitor started
2026.05.17 16:55:46 WARN  Using H2 2.4.240 which is newer than the version Flyway has been verified with. The latest verified version of H2 is 2.3.232.
May 17, 2026 5:48:54 PM org.eclipse.lsp4j.jsonrpc.services.GenericEndpoint notify
INFO: Unsupported notification method: $/setTrace
May 17, 2026 5:48:57 PM org.eclipse.lsp4j.jsonrpc.services.GenericEndpoint notify
INFO: Unsupported notification method: $/setTrace
May 17, 2026 5:49:07 PM org.eclipse.lsp4j.jsonrpc.services.GenericEndpoint notify
INFO: Unsupported notification method: $/setTrace
2026.05.17 18:33:26 INFO  no build target found for d:\FINAL_YEAR\React_App_new\AgriApp_frontend_and_backend\App\android\app\src\main\java\com\planthub\LLMModulePackage.java. Using fallback presentation compiler.
2026.05.17 18:33:28 INFO  no build target found for d:\FINAL_YEAR\React_App_new\AgriApp_frontend_and_backend\App\android\app\src\main\java\com\planthub\LLMModule.java. Using fallback presentation compiler.
2026.05.17 18:35:21 INFO  Shutting down server
2026.05.17 18:35:21 INFO  Memory monitor stopped
2026.05.17 18:35:21 INFO  shutting down Metals
2026.05.17 18:35:22 ERROR Unexpected error initializing server: 
org.eclipse.lsp4j.jsonrpc.ResponseErrorException: Request window/showMessageRequest failed with message: Canceled
	at org.eclipse.lsp4j.jsonrpc.RemoteEndpoint.handleResponse(RemoteEndpoint.java:214)
	at org.eclipse.lsp4j.jsonrpc.RemoteEndpoint.consume(RemoteEndpoint.java:198)
	at org.eclipse.lsp4j.jsonrpc.json.StreamMessageProducer.handleMessage(StreamMessageProducer.java:189)
	at org.eclipse.lsp4j.jsonrpc.json.StreamMessageProducer.listen(StreamMessageProducer.java:97)
	at org.eclipse.lsp4j.jsonrpc.json.ConcurrentMessageProcessor.run(ConcurrentMessageProcessor.java:97)
	at java.util.concurrent.Executors$RunnableAdapter.call(Executors.java:539)
	at java.util.concurrent.FutureTask.run(FutureTask.java:264)
	at java.util.concurrent.ThreadPoolExecutor.runWorker(ThreadPoolExecutor.java:1136)
	at java.util.concurrent.ThreadPoolExecutor$Worker.run(ThreadPoolExecutor.java:635)
	at java.lang.Thread.run(Thread.java:842)

2026.05.17 19:26:13 INFO  Started: Metals version 1.6.7 in folders 'D:\FINAL_YEAR\React_App_new\AgriApp_frontend_and_backend\App' for client Visual Studio Code 1.120.0.
2026.05.17 19:26:13 INFO  Memory monitor started
2026.05.17 19:26:25 WARN  Using H2 2.4.240 which is newer than the version Flyway has been verified with. The latest verified version of H2 is 2.3.232.
2026.05.17 19:48:41 INFO  Shutting down server
2026.05.17 19:48:41 INFO  Memory monitor stopped
2026.05.17 19:48:41 INFO  shutting down Metals
2026.05.17 19:48:44 ERROR Unexpected error initializing server: 
org.eclipse.lsp4j.jsonrpc.ResponseErrorException: Request window/showMessageRequest failed with message: Canceled
	at org.eclipse.lsp4j.jsonrpc.RemoteEndpoint.handleResponse(RemoteEndpoint.java:214)
	at org.eclipse.lsp4j.jsonrpc.RemoteEndpoint.consume(RemoteEndpoint.java:198)
	at org.eclipse.lsp4j.jsonrpc.json.StreamMessageProducer.handleMessage(StreamMessageProducer.java:189)
	at org.eclipse.lsp4j.jsonrpc.json.StreamMessageProducer.listen(StreamMessageProducer.java:97)
	at org.eclipse.lsp4j.jsonrpc.json.ConcurrentMessageProcessor.run(ConcurrentMessageProcessor.java:97)
	at java.util.concurrent.Executors$RunnableAdapter.call(Executors.java:539)
	at java.util.concurrent.FutureTask.run(FutureTask.java:264)
	at java.util.concurrent.ThreadPoolExecutor.runWorker(ThreadPoolExecutor.java:1136)
	at java.util.concurrent.ThreadPoolExecutor$Worker.run(ThreadPoolExecutor.java:635)
	at java.lang.Thread.run(Thread.java:842)

