2026.03.03 18:50:36 INFO  Started: Metals version 1.6.5 in folders 'D:\FINAL_YEAR\React_App_new\AgriApp_frontend_and_backend' for client Visual Studio Code 1.109.5.
2026.03.03 18:50:36 INFO  Memory monitor started
2026.03.03 18:50:39 WARN  Using H2 2.4.240 which is newer than the version Flyway has been verified with. The latest verified version of H2 is 2.3.232.
2026.03.03 18:51:11 WARN  no build tool detected in workspace 'D:\FINAL_YEAR\React_App_new\AgriApp_frontend_and_backend'. The most common cause for this problem is that the editor was opened in the wrong working directory, for example if you use sbt then the workspace directory should contain build.sbt. 
2026.03.03 18:51:11 WARN  Build server is not auto-connectable.
2026.03.03 18:51:11 WARN  no build target for: D:\FINAL_YEAR\React_App_new\AgriApp_frontend_and_backend\App\android\app\src\main\java\com\smolchatrn\LLMModule.java
2026.03.03 18:53:07 INFO  no build target found for D:\FINAL_YEAR\React_App_new\AgriApp_frontend_and_backend\App\android\app\src\main\java\com\smolchatrn\LLMModule.java. Using fallback presentation compiler.
2026.03.03 19:33:18 WARN  no build target for: D:\FINAL_YEAR\React_App_new\AgriApp_frontend_and_backend\App\android\app\src\main\java\com\smolchatrn\LLMModulePackage.java
2026.03.03 19:33:53 WARN  no build target for: D:\FINAL_YEAR\React_App_new\AgriApp_frontend_and_backend\App\android\app\src\main\java\com\smolchatrn\LLMModule.java
2026.03.03 19:33:55 INFO  no build target found for D:\FINAL_YEAR\React_App_new\AgriApp_frontend_and_backend\App\android\app\src\main\java\com\smolchatrn\LLMModule.java. Using fallback presentation compiler.
2026.03.03 19:33:55 WARN  no build target for: D:\FINAL_YEAR\React_App_new\AgriApp_frontend_and_backend\App\android\app\src\main\java\com\smolchatrn\LLMModule.java
2026.03.03 19:36:18 INFO  no build target found for D:\FINAL_YEAR\React_App_new\AgriApp_frontend_and_backend\App\android\app\src\main\java\com\smolchatrn\LLMModulePackage.java. Using fallback presentation compiler.
2026.03.03 19:37:45 INFO  no build target found for D:\FINAL_YEAR\React_App_new\AgriApp_frontend_and_backend\App\android\app\src\main\java\com\smolchatrn\LLMModule.java. Using fallback presentation compiler.
2026.03.03 19:37:46 WARN  no build target for: D:\FINAL_YEAR\React_App_new\AgriApp_frontend_and_backend\App\android\app\src\main\java\com\smolchatrn\LLMModule.java
2026.03.03 19:38:08 WARN  no build target for: D:\FINAL_YEAR\React_App_new\AgriApp_frontend_and_backend\App\android\app\src\main\java\com\smolchatrn\LLMModulePackage.java
2026.03.03 19:38:24 INFO  no build target found for D:\FINAL_YEAR\React_App_new\AgriApp_frontend_and_backend\App\android\app\src\main\java\com\smolchatrn\LLMModule.java. Using fallback presentation compiler.
2026.03.03 19:38:25 INFO  no build target found for D:\FINAL_YEAR\React_App_new\AgriApp_frontend_and_backend\App\android\app\src\main\java\com\smolchatrn\LLMModulePackage.java. Using fallback presentation compiler.
2026.03.03 19:38:25 INFO  no build target found for D:\FINAL_YEAR\React_App_new\AgriApp_frontend_and_backend\App\android\app\src\main\java\com\smolchatrn\LLMModule.java. Using fallback presentation compiler.
2026.03.03 19:38:25 INFO  no build target found for D:\FINAL_YEAR\React_App_new\AgriApp_frontend_and_backend\App\android\app\src\main\java\com\smolchatrn\LLMModulePackage.java. Using fallback presentation compiler.
2026.03.03 19:38:54 INFO  no build target found for D:\FINAL_YEAR\React_App_new\AgriApp_frontend_and_backend\App\android\app\src\main\java\com\smolchatrn\LLMModule.java. Using fallback presentation compiler.
2026.03.03 19:38:57 WARN  no build target for: D:\FINAL_YEAR\React_App_new\AgriApp_frontend_and_backend\App\android\app\src\main\java\com\smolchatrn\LLMModule.java
2026.03.03 19:38:57 INFO  no build target found for D:\FINAL_YEAR\React_App_new\AgriApp_frontend_and_backend\App\android\app\src\main\java\com\smolchatrn\LLMModule.java. Using fallback presentation compiler.
2026.03.03 19:38:57 INFO  no build target found for D:\FINAL_YEAR\React_App_new\AgriApp_frontend_and_backend\App\android\app\src\main\java\com\smolchatrn\LLMModule.java. Using fallback presentation compiler.
2026.03.03 19:39:00 INFO  no build target found for D:\FINAL_YEAR\React_App_new\AgriApp_frontend_and_backend\App\android\app\src\main\java\com\smolchatrn\LLMModule.java. Using fallback presentation compiler.
2026.03.03 19:39:01 INFO  no build target found for D:\FINAL_YEAR\React_App_new\AgriApp_frontend_and_backend\App\android\app\src\main\java\com\smolchatrn\LLMModule.java. Using fallback presentation compiler.
2026.03.03 19:39:02 INFO  no build target found for D:\FINAL_YEAR\React_App_new\AgriApp_frontend_and_backend\App\android\app\src\main\java\com\smolchatrn\LLMModule.java. Using fallback presentation compiler.
2026.03.03 19:39:05 INFO  no build target found for D:\FINAL_YEAR\React_App_new\AgriApp_frontend_and_backend\App\android\app\src\main\java\com\smolchatrn\LLMModulePackage.java. Using fallback presentation compiler.
2026.03.03 19:39:05 WARN  no build target for: D:\FINAL_YEAR\React_App_new\AgriApp_frontend_and_backend\App\android\app\src\main\java\com\smolchatrn\LLMModulePackage.java
2026.03.03 19:39:05 INFO  no build target found for D:\FINAL_YEAR\React_App_new\AgriApp_frontend_and_backend\App\android\app\src\main\java\com\smolchatrn\LLMModulePackage.java. Using fallback presentation compiler.
2026.03.03 19:39:09 INFO  no build target found for D:\FINAL_YEAR\React_App_new\AgriApp_frontend_and_backend\App\android\app\src\main\java\com\smolchatrn\LLMModulePackage.java. Using fallback presentation compiler.
2026.03.03 19:39:09 INFO  no build target found for D:\FINAL_YEAR\React_App_new\AgriApp_frontend_and_backend\App\android\app\src\main\java\com\smolchatrn\LLMModule.java. Using fallback presentation compiler.
2026.03.03 19:39:10 WARN  no build target for: D:\FINAL_YEAR\React_App_new\AgriApp_frontend_and_backend\App\android\app\src\main\java\com\smolchatrn\LLMModule.java
2026.03.03 19:39:09 INFO  no build target found for D:\FINAL_YEAR\React_App_new\AgriApp_frontend_and_backend\App\android\app\src\main\java\com\smolchatrn\LLMModule.java. Using fallback presentation compiler.
2026.03.03 19:39:10 INFO  no build target found for D:\FINAL_YEAR\React_App_new\AgriApp_frontend_and_backend\App\android\app\src\main\java\com\smolchatrn\LLMModule.java. Using fallback presentation compiler.
2026.03.03 19:39:11 INFO  no build target found for D:\FINAL_YEAR\React_App_new\AgriApp_frontend_and_backend\App\android\app\src\main\java\com\smolchatrn\LLMModulePackage.java. Using fallback presentation compiler.
2026.03.03 19:39:11 WARN  no build target for: D:\FINAL_YEAR\React_App_new\AgriApp_frontend_and_backend\App\android\app\src\main\java\com\smolchatrn\LLMModulePackage.java
2026.03.03 19:39:11 INFO  no build target found for D:\FINAL_YEAR\React_App_new\AgriApp_frontend_and_backend\App\android\app\src\main\java\com\smolchatrn\LLMModulePackage.java. Using fallback presentation compiler.
2026.03.03 19:39:12 INFO  no build target found for D:\FINAL_YEAR\React_App_new\AgriApp_frontend_and_backend\App\android\app\src\main\java\com\smolchatrn\LLMModulePackage.java. Using fallback presentation compiler.
2026.03.03 19:39:13 INFO  no build target found for D:\FINAL_YEAR\React_App_new\AgriApp_frontend_and_backend\App\android\app\src\main\java\com\smolchatrn\LLMModule.java. Using fallback presentation compiler.
2026.03.03 19:39:13 WARN  no build target for: D:\FINAL_YEAR\React_App_new\AgriApp_frontend_and_backend\App\android\app\src\main\java\com\smolchatrn\LLMModule.java
2026.03.03 19:39:13 INFO  no build target found for D:\FINAL_YEAR\React_App_new\AgriApp_frontend_and_backend\App\android\app\src\main\java\com\smolchatrn\LLMModule.java. Using fallback presentation compiler.
2026.03.03 19:39:14 INFO  no build target found for D:\FINAL_YEAR\React_App_new\AgriApp_frontend_and_backend\App\android\app\src\main\java\com\smolchatrn\LLMModule.java. Using fallback presentation compiler.
2026.03.03 19:39:15 INFO  no build target found for D:\FINAL_YEAR\React_App_new\AgriApp_frontend_and_backend\App\android\app\src\main\java\com\smolchatrn\LLMModule.java. Using fallback presentation compiler.
2026.03.03 19:39:15 INFO  no build target found for D:\FINAL_YEAR\React_App_new\AgriApp_frontend_and_backend\App\android\app\src\main\java\com\smolchatrn\LLMModule.java. Using fallback presentation compiler.
2026.03.03 19:39:15 INFO  no build target found for D:\FINAL_YEAR\React_App_new\AgriApp_frontend_and_backend\App\android\app\src\main\java\com\smolchatrn\LLMModule.java. Using fallback presentation compiler.
2026.03.03 19:39:18 INFO  no build target found for D:\FINAL_YEAR\React_App_new\AgriApp_frontend_and_backend\App\android\app\src\main\java\com\smolchatrn\LLMModule.java. Using fallback presentation compiler.
Mar 03, 2026 7:39:18 PM org.eclipse.lsp4j.jsonrpc.RemoteEndpoint handleCancellation
WARNING: Unmatched cancel notification for request id 53
2026.03.03 19:39:18 INFO  no build target found for D:\FINAL_YEAR\React_App_new\AgriApp_frontend_and_backend\App\android\app\src\main\java\com\smolchatrn\LLMModule.java. Using fallback presentation compiler.
2026.03.03 19:39:19 INFO  no build target found for D:\FINAL_YEAR\React_App_new\AgriApp_frontend_and_backend\App\android\app\src\main\java\com\smolchatrn\LLMModule.java. Using fallback presentation compiler.
2026.03.03 19:39:44 INFO  no build target found for D:\FINAL_YEAR\React_App_new\AgriApp_frontend_and_backend\App\android\app\src\main\java\com\smolchatrn\LLMModule.java. Using fallback presentation compiler.
2026.03.03 19:39:44 INFO  no build target found for D:\FINAL_YEAR\React_App_new\AgriApp_frontend_and_backend\App\android\app\src\main\java\com\smolchatrn\LLMModule.java. Using fallback presentation compiler.
2026.03.03 19:39:44 INFO  no build target found for D:\FINAL_YEAR\React_App_new\AgriApp_frontend_and_backend\App\android\app\src\main\java\com\smolchatrn\LLMModulePackage.java. Using fallback presentation compiler.
2026.03.03 19:39:44 INFO  no build target found for D:\FINAL_YEAR\React_App_new\AgriApp_frontend_and_backend\App\android\app\src\main\java\com\smolchatrn\LLMModulePackage.java. Using fallback presentation compiler.
2026.03.03 19:40:41 INFO  no build target found for D:\FINAL_YEAR\React_App_new\AgriApp_frontend_and_backend\App\android\app\src\main\java\com\smolchatrn\LLMModule.java. Using fallback presentation compiler.
2026.03.03 19:40:41 INFO  no build target found for D:\FINAL_YEAR\React_App_new\AgriApp_frontend_and_backend\App\android\app\src\main\java\com\smolchatrn\LLMModulePackage.java. Using fallback presentation compiler.
2026.03.03 19:40:42 INFO  no build target found for D:\FINAL_YEAR\React_App_new\AgriApp_frontend_and_backend\App\android\app\src\main\java\com\smolchatrn\LLMModule.java. Using fallback presentation compiler.
2026.03.03 19:40:42 INFO  no build target found for D:\FINAL_YEAR\React_App_new\AgriApp_frontend_and_backend\App\android\app\src\main\java\com\smolchatrn\LLMModule.java. Using fallback presentation compiler.
2026.03.03 19:40:45 INFO  no build target found for D:\FINAL_YEAR\React_App_new\AgriApp_frontend_and_backend\App\android\app\src\main\java\com\smolchatrn\LLMModule.java. Using fallback presentation compiler.
2026.03.03 19:40:45 INFO  Created report: Optional[file:///D:/FINAL_YEAR/React_App_new/AgriApp_frontend_and_backend/App/android/app/src/main/java/com/smolchatrn/LLMModule.java]
2026.03.03 19:40:45 INFO  empty definition using pc, found symbol in pc: com/facebook/react/bridge/Callback# (full report at: "D:\FINAL_YEAR\React_App_new\AgriApp_frontend_and_backend\.metals\.reports\metals-full\2026-03-03\r_empty-definition_19-40-45-295.md")
2026.03.03 19:40:45 INFO  no build target found for D:\FINAL_YEAR\React_App_new\AgriApp_frontend_and_backend\App\android\app\src\main\java\com\smolchatrn\LLMModule.java. Using fallback presentation compiler.
2026.03.03 19:40:46 INFO  no build target found for D:\FINAL_YEAR\React_App_new\AgriApp_frontend_and_backend\App\android\app\src\main\java\com\smolchatrn\LLMModule.java. Using fallback presentation compiler.
2026.03.03 19:40:46 INFO  no build target found for D:\FINAL_YEAR\React_App_new\AgriApp_frontend_and_backend\App\android\app\src\main\java\com\smolchatrn\LLMModule.java. Using fallback presentation compiler.
2026.03.03 19:40:46 INFO  no build target found for D:\FINAL_YEAR\React_App_new\AgriApp_frontend_and_backend\App\android\app\src\main\java\com\smolchatrn\LLMModulePackage.java. Using fallback presentation compiler.
2026.03.03 19:40:46 INFO  no build target found for D:\FINAL_YEAR\React_App_new\AgriApp_frontend_and_backend\App\android\app\src\main\java\com\smolchatrn\LLMModule.java. Using fallback presentation compiler.
2026.03.03 19:40:46 INFO  no build target found for D:\FINAL_YEAR\React_App_new\AgriApp_frontend_and_backend\App\android\app\src\main\java\com\smolchatrn\LLMModulePackage.java. Using fallback presentation compiler.
2026.03.03 19:40:46 INFO  no build target found for D:\FINAL_YEAR\React_App_new\AgriApp_frontend_and_backend\App\android\app\src\main\java\com\smolchatrn\LLMModulePackage.java. Using fallback presentation compiler.
2026.03.03 20:07:47 INFO  no build target found for D:\FINAL_YEAR\React_App_new\AgriApp_frontend_and_backend\App\android\app\src\main\java\com\smolchatrn\LLMModule.java. Using fallback presentation compiler.
2026.03.03 20:07:47 WARN  no build target for: D:\FINAL_YEAR\React_App_new\AgriApp_frontend_and_backend\App\android\app\src\main\java\com\smolchatrn\LLMModule.java
2026.03.03 20:07:47 INFO  no build target found for D:\FINAL_YEAR\React_App_new\AgriApp_frontend_and_backend\App\android\app\src\main\java\com\smolchatrn\LLMModule.java. Using fallback presentation compiler.
2026.03.03 20:07:48 INFO  no build target found for D:\FINAL_YEAR\React_App_new\AgriApp_frontend_and_backend\App\android\app\src\main\java\com\smolchatrn\LLMModule.java. Using fallback presentation compiler.
2026.03.03 20:07:49 INFO  no build target found for D:\FINAL_YEAR\React_App_new\AgriApp_frontend_and_backend\App\android\app\src\main\java\com\smolchatrn\LLMModule.java. Using fallback presentation compiler.
Mar 03, 2026 8:07:49 PM org.eclipse.lsp4j.jsonrpc.RemoteEndpoint handleCancellation
WARNING: Unmatched cancel notification for request id 80
2026.03.03 20:07:50 INFO  no build target found for D:\FINAL_YEAR\React_App_new\AgriApp_frontend_and_backend\App\android\app\src\main\java\com\smolchatrn\LLMModule.java. Using fallback presentation compiler.
2026.03.03 20:07:52 INFO  no build target found for D:\FINAL_YEAR\React_App_new\AgriApp_frontend_and_backend\App\android\app\src\main\java\com\smolchatrn\LLMModule.java. Using fallback presentation compiler.
2026.03.03 20:07:52 INFO  no build target found for D:\FINAL_YEAR\React_App_new\AgriApp_frontend_and_backend\App\android\app\src\main\java\com\smolchatrn\LLMModule.java. Using fallback presentation compiler.
2026.03.03 20:07:52 INFO  no build target found for D:\FINAL_YEAR\React_App_new\AgriApp_frontend_and_backend\App\android\app\src\main\java\com\smolchatrn\LLMModule.java. Using fallback presentation compiler.
2026.03.03 20:07:53 INFO  no build target found for D:\FINAL_YEAR\React_App_new\AgriApp_frontend_and_backend\App\android\app\src\main\java\com\smolchatrn\LLMModule.java. Using fallback presentation compiler.
2026.03.03 20:07:53 INFO  no build target found for D:\FINAL_YEAR\React_App_new\AgriApp_frontend_and_backend\App\android\app\src\main\java\com\smolchatrn\LLMModule.java. Using fallback presentation compiler.
2026.03.03 20:07:53 INFO  no build target found for D:\FINAL_YEAR\React_App_new\AgriApp_frontend_and_backend\App\android\app\src\main\java\com\smolchatrn\LLMModule.java. Using fallback presentation compiler.
2026.03.03 20:07:55 INFO  no build target found for D:\FINAL_YEAR\React_App_new\AgriApp_frontend_and_backend\App\android\app\src\main\java\com\smolchatrn\LLMModule.java. Using fallback presentation compiler.
2026.03.03 20:07:55 INFO  no build target found for D:\FINAL_YEAR\React_App_new\AgriApp_frontend_and_backend\App\android\app\src\main\java\com\smolchatrn\LLMModule.java. Using fallback presentation compiler.
2026.03.03 20:08:39 INFO  no build target found for D:\FINAL_YEAR\React_App_new\AgriApp_frontend_and_backend\App\android\app\src\main\java\com\smolchatrn\LLMModule.java. Using fallback presentation compiler.
2026.03.03 20:08:40 INFO  no build target found for D:\FINAL_YEAR\React_App_new\AgriApp_frontend_and_backend\App\android\app\src\main\java\com\smolchatrn\LLMModule.java. Using fallback presentation compiler.
2026.03.03 20:08:43 INFO  no build target found for D:\FINAL_YEAR\React_App_new\AgriApp_frontend_and_backend\App\android\app\src\main\java\com\smolchatrn\LLMModule.java. Using fallback presentation compiler.
2026.03.03 20:10:13 INFO  no build target found for D:\FINAL_YEAR\React_App_new\AgriApp_frontend_and_backend\App\android\app\src\main\java\com\smolchatrn\LLMModule.java. Using fallback presentation compiler.
2026.03.03 20:14:47 INFO  no build target found for D:\FINAL_YEAR\React_App_new\AgriApp_frontend_and_backend\App\android\app\src\main\java\com\smolchatrn\LLMModule.java. Using fallback presentation compiler.
2026.03.03 20:14:47 WARN  no build target for: D:\FINAL_YEAR\React_App_new\AgriApp_frontend_and_backend\App\android\app\src\main\java\com\smolchatrn\LLMModule.java
2026.03.03 20:14:47 INFO  no build target found for D:\FINAL_YEAR\React_App_new\AgriApp_frontend_and_backend\App\android\app\src\main\java\com\smolchatrn\LLMModule.java. Using fallback presentation compiler.
2026.03.03 20:14:48 INFO  no build target found for D:\FINAL_YEAR\React_App_new\AgriApp_frontend_and_backend\App\android\app\src\main\java\com\smolchatrn\LLMModule.java. Using fallback presentation compiler.
2026.03.03 20:14:49 INFO  no build target found for D:\FINAL_YEAR\React_App_new\AgriApp_frontend_and_backend\App\android\app\src\main\java\com\smolchatrn\LLMModule.java. Using fallback presentation compiler.
2026.03.03 20:14:56 INFO  no build target found for D:\FINAL_YEAR\React_App_new\AgriApp_frontend_and_backend\App\android\app\src\main\java\com\smolchatrn\LLMModule.java. Using fallback presentation compiler.
2026.03.03 20:14:56 WARN  no build target for: D:\FINAL_YEAR\React_App_new\AgriApp_frontend_and_backend\App\android\app\src\main\java\com\smolchatrn\LLMModule.java
2026.03.03 20:14:56 INFO  no build target found for D:\FINAL_YEAR\React_App_new\AgriApp_frontend_and_backend\App\android\app\src\main\java\com\smolchatrn\LLMModule.java. Using fallback presentation compiler.
2026.03.03 20:14:57 INFO  no build target found for D:\FINAL_YEAR\React_App_new\AgriApp_frontend_and_backend\App\android\app\src\main\java\com\smolchatrn\LLMModule.java. Using fallback presentation compiler.
2026.03.03 20:15:02 INFO  no build target found for D:\FINAL_YEAR\React_App_new\AgriApp_frontend_and_backend\App\android\app\src\main\java\com\smolchatrn\LLMModule.java. Using fallback presentation compiler.
2026.03.03 20:15:23 INFO  no build target found for D:\FINAL_YEAR\React_App_new\AgriApp_frontend_and_backend\App\android\app\src\main\java\com\smolchatrn\LLMModule.java. Using fallback presentation compiler.
2026.03.03 20:15:23 INFO  no build target found for D:\FINAL_YEAR\React_App_new\AgriApp_frontend_and_backend\App\android\app\src\main\java\com\smolchatrn\LLMModule.java. Using fallback presentation compiler.
2026.03.03 20:15:23 INFO  no build target found for D:\FINAL_YEAR\React_App_new\AgriApp_frontend_and_backend\App\android\app\src\main\java\com\smolchatrn\LLMModulePackage.java. Using fallback presentation compiler.
2026.03.03 20:15:23 INFO  no build target found for D:\FINAL_YEAR\React_App_new\AgriApp_frontend_and_backend\App\android\app\src\main\java\com\smolchatrn\LLMModule.java. Using fallback presentation compiler.
2026.03.03 20:15:24 INFO  no build target found for D:\FINAL_YEAR\React_App_new\AgriApp_frontend_and_backend\App\android\app\src\main\java\com\smolchatrn\LLMModule.java. Using fallback presentation compiler.
2026.03.03 20:15:25 INFO  no build target found for D:\FINAL_YEAR\React_App_new\AgriApp_frontend_and_backend\App\android\app\src\main\java\com\smolchatrn\LLMModulePackage.java. Using fallback presentation compiler.
2026.03.03 20:15:31 INFO  no build target found for D:\FINAL_YEAR\React_App_new\AgriApp_frontend_and_backend\App\android\app\src\main\java\com\smolchatrn\LLMModule.java. Using fallback presentation compiler.
2026.03.03 20:15:33 INFO  no build target found for D:\FINAL_YEAR\React_App_new\AgriApp_frontend_and_backend\App\android\app\src\main\java\com\smolchatrn\LLMModule.java. Using fallback presentation compiler.
2026.03.03 21:24:46 INFO  no build target found for D:\FINAL_YEAR\React_App_new\AgriApp_frontend_and_backend\App\android\app\src\main\java\com\smolchatrn\LLMModule.java. Using fallback presentation compiler.
2026.03.03 21:24:46 WARN  no build target for: D:\FINAL_YEAR\React_App_new\AgriApp_frontend_and_backend\App\android\app\src\main\java\com\smolchatrn\LLMModule.java
2026.03.03 21:24:46 INFO  no build target found for D:\FINAL_YEAR\React_App_new\AgriApp_frontend_and_backend\App\android\app\src\main\java\com\smolchatrn\LLMModule.java. Using fallback presentation compiler.
2026.03.03 21:24:46 INFO  no build target found for D:\FINAL_YEAR\React_App_new\AgriApp_frontend_and_backend\App\android\app\src\main\java\com\smolchatrn\LLMModule.java. Using fallback presentation compiler.
2026.03.03 21:24:48 INFO  no build target found for D:\FINAL_YEAR\React_App_new\AgriApp_frontend_and_backend\App\android\app\src\main\java\com\smolchatrn\LLMModule.java. Using fallback presentation compiler.
2026.03.03 21:24:48 INFO  no build target found for D:\FINAL_YEAR\React_App_new\AgriApp_frontend_and_backend\App\android\app\src\main\java\com\smolchatrn\LLMModule.java. Using fallback presentation compiler.
2026.03.03 21:24:48 INFO  no build target found for D:\FINAL_YEAR\React_App_new\AgriApp_frontend_and_backend\App\android\app\src\main\java\com\smolchatrn\LLMModule.java. Using fallback presentation compiler.
2026.03.03 21:33:34 INFO  no build target found for D:\FINAL_YEAR\React_App_new\AgriApp_frontend_and_backend\App\android\app\src\main\java\com\smolchatrn\LLMModule.java. Using fallback presentation compiler.
2026.03.03 21:33:42 INFO  no build target found for D:\FINAL_YEAR\React_App_new\AgriApp_frontend_and_backend\App\android\app\src\main\java\com\smolchatrn\LLMModule.java. Using fallback presentation compiler.
Mar 03, 2026 9:33:43 PM org.eclipse.lsp4j.jsonrpc.RemoteEndpoint handleCancellation
WARNING: Unmatched cancel notification for request id 134
2026.03.03 21:34:09 INFO  no build target found for D:\FINAL_YEAR\React_App_new\AgriApp_frontend_and_backend\App\android\app\src\main\java\com\smolchatrn\LLMModule.java. Using fallback presentation compiler.
2026.03.03 21:34:12 INFO  no build target found for D:\FINAL_YEAR\React_App_new\AgriApp_frontend_and_backend\App\android\app\src\main\java\com\smolchatrn\LLMModule.java. Using fallback presentation compiler.
2026.03.03 21:34:15 INFO  no build target found for D:\FINAL_YEAR\React_App_new\AgriApp_frontend_and_backend\App\android\app\src\main\java\com\smolchatrn\LLMModule.java. Using fallback presentation compiler.
2026.03.03 21:34:15 INFO  no build target found for D:\FINAL_YEAR\React_App_new\AgriApp_frontend_and_backend\App\android\app\src\main\java\com\smolchatrn\LLMModule.java. Using fallback presentation compiler.
2026.03.03 21:35:04 INFO  no build target found for D:\FINAL_YEAR\React_App_new\AgriApp_frontend_and_backend\App\android\app\src\main\java\com\smolchatrn\LLMModule.java. Using fallback presentation compiler.
2026.03.03 21:38:18 INFO  no build target found for D:\FINAL_YEAR\React_App_new\AgriApp_frontend_and_backend\App\android\app\src\main\java\com\smolchatrn\LLMModule.java. Using fallback presentation compiler.
2026.03.03 22:56:32 WARN  no build target for: D:\FINAL_YEAR\React_App_new\AgriApp_frontend_and_backend\App\android\app\src\main\java\com\smolchatrn\LLMModule.java
2026.03.03 22:56:32 INFO  no build target found for D:\FINAL_YEAR\React_App_new\AgriApp_frontend_and_backend\App\android\app\src\main\java\com\smolchatrn\LLMModule.java. Using fallback presentation compiler.
2026.03.03 22:56:37 INFO  no build target found for D:\FINAL_YEAR\React_App_new\AgriApp_frontend_and_backend\App\android\app\src\main\java\com\smolchatrn\LLMModule.java. Using fallback presentation compiler.
2026.03.03 22:59:34 INFO  no build target found for D:\FINAL_YEAR\React_App_new\AgriApp_frontend_and_backend\App\android\app\src\main\java\com\smolchatrn\LLMModule.java. Using fallback presentation compiler.
2026.03.03 22:59:58 INFO  no build target found for D:\FINAL_YEAR\React_App_new\AgriApp_frontend_and_backend\App\android\app\src\main\java\com\smolchatrn\LLMModule.java. Using fallback presentation compiler.
2026.03.03 23:00:03 INFO  no build target found for D:\FINAL_YEAR\React_App_new\AgriApp_frontend_and_backend\App\android\app\src\main\java\com\smolchatrn\LLMModule.java. Using fallback presentation compiler.
2026.03.03 23:00:36 INFO  no build target found for D:\FINAL_YEAR\React_App_new\AgriApp_frontend_and_backend\App\android\app\src\main\java\com\smolchatrn\LLMModule.java. Using fallback presentation compiler.
2026.03.03 23:01:04 INFO  no build target found for D:\FINAL_YEAR\React_App_new\AgriApp_frontend_and_backend\App\android\app\src\main\java\com\smolchatrn\LLMModule.java. Using fallback presentation compiler.
2026.03.03 23:27:32 WARN  no build target for: D:\FINAL_YEAR\React_App_new\AgriApp_frontend_and_backend\App\android\app\src\main\java\com\smolchatrn\LLMModule.java
2026.03.03 23:27:34 INFO  no build target found for D:\FINAL_YEAR\React_App_new\AgriApp_frontend_and_backend\App\android\app\src\main\java\com\smolchatrn\LLMModule.java. Using fallback presentation compiler.
2026.03.03 23:27:39 INFO  no build target found for D:\FINAL_YEAR\React_App_new\AgriApp_frontend_and_backend\App\android\app\src\main\java\com\smolchatrn\LLMModule.java. Using fallback presentation compiler.
2026.03.04 00:07:12 INFO  no build target found for D:\FINAL_YEAR\React_App_new\AgriApp_frontend_and_backend\App\android\app\src\main\java\com\smolchatrn\LLMModule.java. Using fallback presentation compiler.
2026.03.04 00:16:28 WARN  no build target for: D:\FINAL_YEAR\React_App_new\AgriApp_frontend_and_backend\App\android\app\src\main\java\com\smolchatrn\LLMModule.java
2026.03.04 00:16:28 INFO  no build target found for D:\FINAL_YEAR\React_App_new\AgriApp_frontend_and_backend\App\android\app\src\main\java\com\smolchatrn\LLMModule.java. Using fallback presentation compiler.
2026.03.04 01:28:38 INFO  no build target found for D:\FINAL_YEAR\React_App_new\AgriApp_frontend_and_backend\App\android\app\src\main\java\com\smolchatrn\LLMModule.java. Using fallback presentation compiler.
2026.03.04 01:28:41 INFO  no build target found for D:\FINAL_YEAR\React_App_new\AgriApp_frontend_and_backend\App\android\app\src\main\java\com\smolchatrn\LLMModule.java. Using fallback presentation compiler.
2026.03.04 01:28:52 INFO  no build target found for D:\FINAL_YEAR\React_App_new\AgriApp_frontend_and_backend\App\android\app\src\main\java\com\smolchatrn\LLMModule.java. Using fallback presentation compiler.
2026.03.04 01:29:09 INFO  no build target found for D:\FINAL_YEAR\React_App_new\AgriApp_frontend_and_backend\App\android\app\src\main\java\com\smolchatrn\LLMModule.java. Using fallback presentation compiler.
2026.03.04 01:29:09 INFO  no build target found for D:\FINAL_YEAR\React_App_new\AgriApp_frontend_and_backend\App\android\app\src\main\java\com\smolchatrn\LLMModule.java. Using fallback presentation compiler.
2026.03.04 01:29:27 INFO  no build target found for D:\FINAL_YEAR\React_App_new\AgriApp_frontend_and_backend\App\android\app\src\main\java\com\smolchatrn\LLMModule.java. Using fallback presentation compiler.
2026.03.04 01:29:28 INFO  no build target found for D:\FINAL_YEAR\React_App_new\AgriApp_frontend_and_backend\App\android\app\src\main\java\com\smolchatrn\LLMModule.java. Using fallback presentation compiler.
2026.03.04 01:29:35 INFO  no build target found for D:\FINAL_YEAR\React_App_new\AgriApp_frontend_and_backend\App\android\app\src\main\java\com\smolchatrn\LLMModule.java. Using fallback presentation compiler.
2026.03.04 01:30:59 INFO  no build target found for D:\FINAL_YEAR\React_App_new\AgriApp_frontend_and_backend\App\android\app\src\main\java\com\smolchatrn\LLMModule.java. Using fallback presentation compiler.
2026.03.04 01:31:17 INFO  no build target found for D:\FINAL_YEAR\React_App_new\AgriApp_frontend_and_backend\App\android\app\src\main\java\com\smolchatrn\LLMModule.java. Using fallback presentation compiler.
2026.03.04 01:31:17 INFO  no build target found for D:\FINAL_YEAR\React_App_new\AgriApp_frontend_and_backend\App\android\app\src\main\java\com\smolchatrn\LLMModule.java. Using fallback presentation compiler.
2026.03.04 01:31:17 INFO  no build target found for D:\FINAL_YEAR\React_App_new\AgriApp_frontend_and_backend\App\android\app\src\main\java\com\smolchatrn\LLMModule.java. Using fallback presentation compiler.
2026.03.04 01:31:18 INFO  no build target found for D:\FINAL_YEAR\React_App_new\AgriApp_frontend_and_backend\App\android\app\src\main\java\com\smolchatrn\LLMModule.java. Using fallback presentation compiler.
2026.03.04 01:31:23 INFO  no build target found for D:\FINAL_YEAR\React_App_new\AgriApp_frontend_and_backend\App\android\app\src\main\java\com\smolchatrn\LLMModule.java. Using fallback presentation compiler.
2026.03.04 01:32:14 INFO  no build target found for D:\FINAL_YEAR\React_App_new\AgriApp_frontend_and_backend\App\android\app\src\main\java\com\smolchatrn\LLMModule.java. Using fallback presentation compiler.
2026.03.04 02:02:30 INFO  no build target found for D:\FINAL_YEAR\React_App_new\AgriApp_frontend_and_backend\App\android\app\src\main\java\com\smolchatrn\LLMModule.java. Using fallback presentation compiler.
2026.03.06 17:59:58 INFO  Started: Metals version 1.6.5 in folders 'D:\FINAL_YEAR\React_App_new\AgriApp_frontend_and_backend' for client Visual Studio Code 1.109.5.
2026.03.06 17:59:58 INFO  Memory monitor started
2026.03.06 18:00:08 WARN  Using H2 2.4.240 which is newer than the version Flyway has been verified with. The latest verified version of H2 is 2.3.232.
2026.03.06 18:00:11 INFO  no build target found for D:\FINAL_YEAR\React_App_new\AgriApp_frontend_and_backend\App\android\app\src\main\java\com\smolchatrn\LLMModule.java. Using fallback presentation compiler.
2026.03.06 18:01:07 INFO  no build target found for D:\FINAL_YEAR\React_App_new\AgriApp_frontend_and_backend\App\android\app\src\main\java\com\smolchatrn\LLMModule.java. Using fallback presentation compiler.
2026.03.06 18:01:07 INFO  no build target found for D:\FINAL_YEAR\React_App_new\AgriApp_frontend_and_backend\App\android\app\src\main\java\com\smolchatrn\LLMModule.java. Using fallback presentation compiler.
2026.03.06 18:01:07 INFO  no build target found for D:\FINAL_YEAR\React_App_new\AgriApp_frontend_and_backend\App\android\app\src\main\java\com\smolchatrn\LLMModule.java. Using fallback presentation compiler.
2026.03.06 18:01:07 INFO  no build target found for D:\FINAL_YEAR\React_App_new\AgriApp_frontend_and_backend\App\android\app\src\main\java\com\smolchatrn\LLMModule.java. Using fallback presentation compiler.
Mar 06, 2026 6:01:07 PM org.eclipse.lsp4j.jsonrpc.RemoteEndpoint handleCancellation
WARNING: Unmatched cancel notification for request id 7
Mar 06, 2026 6:01:07 PM org.eclipse.lsp4j.jsonrpc.RemoteEndpoint handleCancellation
WARNING: Unmatched cancel notification for request id 8
Mar 06, 2026 6:01:07 PM org.eclipse.lsp4j.jsonrpc.RemoteEndpoint handleCancellation
WARNING: Unmatched cancel notification for request id 9
2026.03.06 18:04:10 WARN  no build tool detected in workspace 'D:\FINAL_YEAR\React_App_new\AgriApp_frontend_and_backend'. The most common cause for this problem is that the editor was opened in the wrong working directory, for example if you use sbt then the workspace directory should contain build.sbt. 
2026.03.06 18:04:11 WARN  Build server is not auto-connectable.
2026.03.06 18:04:11 WARN  no build target for: D:\FINAL_YEAR\React_App_new\AgriApp_frontend_and_backend\App\android\app\src\main\java\com\smolchatrn\LLMModule.java
2026.03.06 18:04:11 INFO  no build target found for D:\FINAL_YEAR\React_App_new\AgriApp_frontend_and_backend\App\android\app\src\main\java\com\smolchatrn\LLMModule.java. Using fallback presentation compiler.
2026.03.06 18:04:13 INFO  time: code lens generation in 1.67s
2026.03.06 18:11:41 INFO  no build target found for D:\FINAL_YEAR\React_App_new\AgriApp_frontend_and_backend\App\android\app\src\main\java\com\smolchatrn\LLMModule.java. Using fallback presentation compiler.
2026.03.06 18:11:57 INFO  no build target found for D:\FINAL_YEAR\React_App_new\AgriApp_frontend_and_backend\App\android\app\src\main\java\com\smolchatrn\LLMModule.java. Using fallback presentation compiler.
2026.03.06 18:12:15 INFO  no build target found for D:\FINAL_YEAR\React_App_new\AgriApp_frontend_and_backend\App\android\app\src\main\java\com\smolchatrn\LLMModule.java. Using fallback presentation compiler.
2026.03.06 20:20:25 INFO  no build target found for D:\FINAL_YEAR\React_App_new\AgriApp_frontend_and_backend\App\android\app\src\main\java\com\smolchatrn\LLMModule.java. Using fallback presentation compiler.
2026.03.06 20:20:26 WARN  no build target for: D:\FINAL_YEAR\React_App_new\AgriApp_frontend_and_backend\App\android\app\src\main\java\com\smolchatrn\LLMModule.java
Mar 06, 2026 8:20:26 PM org.eclipse.lsp4j.jsonrpc.RemoteEndpoint handleCancellation
WARNING: Unmatched cancel notification for request id 20
2026.03.06 20:20:26 INFO  no build target found for D:\FINAL_YEAR\React_App_new\AgriApp_frontend_and_backend\App\android\app\src\main\java\com\smolchatrn\LLMModule.java. Using fallback presentation compiler.
2026.03.06 20:20:27 INFO  no build target found for D:\FINAL_YEAR\React_App_new\AgriApp_frontend_and_backend\App\android\app\src\main\java\com\smolchatrn\LLMModule.java. Using fallback presentation compiler.
2026.03.06 20:20:27 INFO  no build target found for D:\FINAL_YEAR\React_App_new\AgriApp_frontend_and_backend\App\android\app\src\main\java\com\smolchatrn\LLMModule.java. Using fallback presentation compiler.
Mar 06, 2026 8:20:28 PM org.eclipse.lsp4j.jsonrpc.RemoteEndpoint handleCancellation
WARNING: Unmatched cancel notification for request id 22
Mar 06, 2026 8:20:28 PM org.eclipse.lsp4j.jsonrpc.RemoteEndpoint handleCancellation
WARNING: Unmatched cancel notification for request id 24
Mar 06, 2026 8:20:28 PM org.eclipse.lsp4j.jsonrpc.RemoteEndpoint handleCancellation
WARNING: Unmatched cancel notification for request id 21
Mar 06, 2026 8:20:28 PM org.eclipse.lsp4j.jsonrpc.RemoteEndpoint handleCancellation
WARNING: Unmatched cancel notification for request id 26
2026.03.06 20:20:27 INFO  no build target found for D:\FINAL_YEAR\React_App_new\AgriApp_frontend_and_backend\App\android\app\src\main\java\com\smolchatrn\LLMModule.java. Using fallback presentation compiler.
2026.03.06 20:20:27 INFO  no build target found for D:\FINAL_YEAR\React_App_new\AgriApp_frontend_and_backend\App\android\app\src\main\java\com\smolchatrn\LLMModule.java. Using fallback presentation compiler.
2026.03.06 20:20:29 INFO  no build target found for D:\FINAL_YEAR\React_App_new\AgriApp_frontend_and_backend\App\android\app\src\main\java\com\smolchatrn\LLMModule.java. Using fallback presentation compiler.
2026.03.06 20:20:29 INFO  no build target found for D:\FINAL_YEAR\React_App_new\AgriApp_frontend_and_backend\App\android\app\src\main\java\com\smolchatrn\LLMModule.java. Using fallback presentation compiler.
2026.03.06 20:20:29 INFO  no build target found for D:\FINAL_YEAR\React_App_new\AgriApp_frontend_and_backend\App\android\app\src\main\java\com\smolchatrn\LLMModule.java. Using fallback presentation compiler.
Mar 06, 2026 8:20:29 PM org.eclipse.lsp4j.jsonrpc.RemoteEndpoint handleCancellation
WARNING: Unmatched cancel notification for request id 31
Mar 06, 2026 8:20:29 PM org.eclipse.lsp4j.jsonrpc.RemoteEndpoint handleCancellation
WARNING: Unmatched cancel notification for request id 32
2026.03.06 20:20:30 INFO  no build target found for D:\FINAL_YEAR\React_App_new\AgriApp_frontend_and_backend\App\android\app\src\main\java\com\smolchatrn\LLMModule.java. Using fallback presentation compiler.
2026.03.06 20:20:32 INFO  no build target found for D:\FINAL_YEAR\React_App_new\AgriApp_frontend_and_backend\App\android\app\src\main\java\com\smolchatrn\LLMModule.java. Using fallback presentation compiler.
2026.03.06 20:20:34 INFO  no build target found for D:\FINAL_YEAR\React_App_new\AgriApp_frontend_and_backend\App\android\app\src\main\java\com\smolchatrn\LLMModule.java. Using fallback presentation compiler.
2026.03.06 23:12:35 INFO  no build target found for D:\FINAL_YEAR\React_App_new\AgriApp_frontend_and_backend\App\android\app\src\main\java\com\smolchatrn\LLMModule.java. Using fallback presentation compiler.
2026.03.06 23:12:35 INFO  no build target found for D:\FINAL_YEAR\React_App_new\AgriApp_frontend_and_backend\App\android\app\src\main\java\com\smolchatrn\LLMModule.java. Using fallback presentation compiler.
2026.03.06 23:12:35 INFO  no build target found for D:\FINAL_YEAR\React_App_new\AgriApp_frontend_and_backend\App\android\app\src\main\java\com\smolchatrn\LLMModule.java. Using fallback presentation compiler.
2026.03.06 23:12:35 INFO  no build target found for D:\FINAL_YEAR\React_App_new\AgriApp_frontend_and_backend\App\android\app\src\main\java\com\smolchatrn\LLMModule.java. Using fallback presentation compiler.
2026.03.06 23:13:32 INFO  no build target found for D:\FINAL_YEAR\React_App_new\AgriApp_frontend_and_backend\App\android\app\src\main\java\com\smolchatrn\LLMModule.java. Using fallback presentation compiler.
2026.03.06 23:13:32 INFO  no build target found for D:\FINAL_YEAR\React_App_new\AgriApp_frontend_and_backend\App\android\app\src\main\java\com\smolchatrn\LLMModule.java. Using fallback presentation compiler.
2026.03.06 23:13:32 INFO  no build target found for D:\FINAL_YEAR\React_App_new\AgriApp_frontend_and_backend\App\android\app\src\main\java\com\smolchatrn\LLMModule.java. Using fallback presentation compiler.
2026.03.06 23:13:32 INFO  no build target found for D:\FINAL_YEAR\React_App_new\AgriApp_frontend_and_backend\App\android\app\src\main\java\com\smolchatrn\LLMModule.java. Using fallback presentation compiler.
2026.03.06 23:13:32 INFO  no build target found for D:\FINAL_YEAR\React_App_new\AgriApp_frontend_and_backend\App\android\app\src\main\java\com\smolchatrn\LLMModule.java. Using fallback presentation compiler.
2026.03.06 23:13:33 INFO  no build target found for D:\FINAL_YEAR\React_App_new\AgriApp_frontend_and_backend\App\android\app\src\main\java\com\smolchatrn\LLMModule.java. Using fallback presentation compiler.
2026.03.06 23:13:33 WARN  no build target for: D:\FINAL_YEAR\React_App_new\AgriApp_frontend_and_backend\App\android\app\src\main\java\com\smolchatrn\LLMModulePackage.java
2026.03.06 23:13:35 INFO  no build target found for D:\FINAL_YEAR\React_App_new\AgriApp_frontend_and_backend\App\android\app\src\main\java\com\smolchatrn\LLMModulePackage.java. Using fallback presentation compiler.
2026.03.06 23:13:35 INFO  no build target found for D:\FINAL_YEAR\React_App_new\AgriApp_frontend_and_backend\App\android\app\src\main\java\com\smolchatrn\LLMModule.java. Using fallback presentation compiler.
2026.03.06 23:13:35 INFO  no build target found for D:\FINAL_YEAR\React_App_new\AgriApp_frontend_and_backend\App\android\app\src\main\java\com\smolchatrn\LLMModule.java. Using fallback presentation compiler.
2026.03.06 23:13:35 INFO  no build target found for D:\FINAL_YEAR\React_App_new\AgriApp_frontend_and_backend\App\android\app\src\main\java\com\smolchatrn\LLMModule.java. Using fallback presentation compiler.
2026.03.06 23:13:35 INFO  no build target found for D:\FINAL_YEAR\React_App_new\AgriApp_frontend_and_backend\App\android\app\src\main\java\com\smolchatrn\LLMModule.java. Using fallback presentation compiler.
2026.03.06 23:13:35 INFO  no build target found for D:\FINAL_YEAR\React_App_new\AgriApp_frontend_and_backend\App\android\app\src\main\java\com\smolchatrn\LLMModule.java. Using fallback presentation compiler.
2026.03.06 23:13:35 INFO  no build target found for D:\FINAL_YEAR\React_App_new\AgriApp_frontend_and_backend\App\android\app\src\main\java\com\smolchatrn\LLMModule.java. Using fallback presentation compiler.
2026.03.06 23:13:35 INFO  no build target found for D:\FINAL_YEAR\React_App_new\AgriApp_frontend_and_backend\App\android\app\src\main\java\com\smolchatrn\LLMModule.java. Using fallback presentation compiler.
2026.03.06 23:13:39 INFO  no build target found for D:\FINAL_YEAR\React_App_new\AgriApp_frontend_and_backend\App\android\app\src\main\java\com\smolchatrn\LLMModulePackage.java. Using fallback presentation compiler.
2026.03.06 23:42:16 INFO  no build target found for D:\FINAL_YEAR\React_App_new\AgriApp_frontend_and_backend\App\android\app\src\main\java\com\smolchatrn\LLMModule.java. Using fallback presentation compiler.
2026.03.07 12:45:53 INFO  Started: Metals version 1.6.6 in folders 'D:\FINAL_YEAR\React_App_new\AgriApp_frontend_and_backend' for client Visual Studio Code 1.110.0.
2026.03.07 12:45:53 INFO  Memory monitor started
2026.03.07 12:46:00 WARN  Using H2 2.4.240 which is newer than the version Flyway has been verified with. The latest verified version of H2 is 2.3.232.
2026.03.07 12:47:13 WARN  no build tool detected in workspace 'D:\FINAL_YEAR\React_App_new\AgriApp_frontend_and_backend'. The most common cause for this problem is that the editor was opened in the wrong working directory, for example if you use sbt then the workspace directory should contain build.sbt. 
2026.03.07 12:47:13 WARN  Build server is not auto-connectable.
2026.03.07 12:47:13 WARN  no build target for: D:\FINAL_YEAR\React_App_new\AgriApp_frontend_and_backend\App\android\app\src\main\java\com\smolchatrn\LLMModule.java
2026.03.07 13:27:56 INFO  no build target found for D:\FINAL_YEAR\React_App_new\AgriApp_frontend_and_backend\App\android\app\src\main\java\com\smolchatrn\LLMModule.java. Using fallback presentation compiler.
2026.03.07 13:27:58 WARN  no build target for: D:\FINAL_YEAR\React_App_new\AgriApp_frontend_and_backend\App\android\app\src\main\java\com\smolchatrn\LLMModule.java
Mar 07, 2026 1:27:58 PM org.eclipse.lsp4j.jsonrpc.RemoteEndpoint handleCancellation
WARNING: Unmatched cancel notification for request id 1
2026.03.07 13:27:58 INFO  no build target found for D:\FINAL_YEAR\React_App_new\AgriApp_frontend_and_backend\App\android\app\src\main\java\com\smolchatrn\LLMModule.java. Using fallback presentation compiler.
2026.03.07 13:27:58 INFO  no build target found for D:\FINAL_YEAR\React_App_new\AgriApp_frontend_and_backend\App\android\app\src\main\java\com\smolchatrn\LLMModule.java. Using fallback presentation compiler.
2026.03.07 13:27:58 INFO  no build target found for D:\FINAL_YEAR\React_App_new\AgriApp_frontend_and_backend\App\android\app\src\main\java\com\smolchatrn\LLMModule.java. Using fallback presentation compiler.
2026.03.07 13:28:00 INFO  no build target found for D:\FINAL_YEAR\React_App_new\AgriApp_frontend_and_backend\App\android\app\src\main\java\com\smolchatrn\LLMModule.java. Using fallback presentation compiler.
2026.03.07 13:28:00 INFO  no build target found for D:\FINAL_YEAR\React_App_new\AgriApp_frontend_and_backend\App\android\app\src\main\java\com\smolchatrn\LLMModule.java. Using fallback presentation compiler.
2026.03.07 13:28:03 INFO  no build target found for D:\FINAL_YEAR\React_App_new\AgriApp_frontend_and_backend\App\android\app\src\main\java\com\smolchatrn\LLMModule.java. Using fallback presentation compiler.
2026.03.07 13:28:03 INFO  no build target found for D:\FINAL_YEAR\React_App_new\AgriApp_frontend_and_backend\App\android\app\src\main\java\com\smolchatrn\LLMModule.java. Using fallback presentation compiler.
Mar 07, 2026 1:28:03 PM org.eclipse.lsp4j.jsonrpc.RemoteEndpoint handleCancellation
WARNING: Unmatched cancel notification for request id 12
2026.03.07 13:28:11 INFO  no build target found for D:\FINAL_YEAR\React_App_new\AgriApp_frontend_and_backend\App\android\app\src\main\java\com\smolchatrn\LLMModule.java. Using fallback presentation compiler.
2026.03.07 13:28:12 INFO  no build target found for D:\FINAL_YEAR\React_App_new\AgriApp_frontend_and_backend\App\android\app\src\main\java\com\smolchatrn\LLMModule.java. Using fallback presentation compiler.
2026.03.07 13:28:13 INFO  no build target found for D:\FINAL_YEAR\React_App_new\AgriApp_frontend_and_backend\App\android\app\src\main\java\com\smolchatrn\LLMModule.java. Using fallback presentation compiler.
2026.03.07 13:28:16 WARN  no build target for: D:\FINAL_YEAR\React_App_new\AgriApp_frontend_and_backend\App\android\app\src\main\java\com\smolchatrn\LLMModulePackage.java
2026.03.07 13:28:16 INFO  no build target found for D:\FINAL_YEAR\React_App_new\AgriApp_frontend_and_backend\App\android\app\src\main\java\com\smolchatrn\LLMModulePackage.java. Using fallback presentation compiler.
2026.03.07 13:28:16 INFO  no build target found for D:\FINAL_YEAR\React_App_new\AgriApp_frontend_and_backend\App\android\app\src\main\java\com\smolchatrn\LLMModulePackage.java. Using fallback presentation compiler.
Mar 07, 2026 1:28:17 PM org.eclipse.lsp4j.jsonrpc.RemoteEndpoint handleCancellation
WARNING: Unmatched cancel notification for request id 20
2026.03.07 13:28:16 INFO  no build target found for D:\FINAL_YEAR\React_App_new\AgriApp_frontend_and_backend\App\android\app\src\main\java\com\smolchatrn\LLMModulePackage.java. Using fallback presentation compiler.
2026.03.07 13:28:18 INFO  no build target found for D:\FINAL_YEAR\React_App_new\AgriApp_frontend_and_backend\App\android\app\src\main\java\com\smolchatrn\LLMModulePackage.java. Using fallback presentation compiler.
2026.03.07 13:28:19 INFO  no build target found for D:\FINAL_YEAR\React_App_new\AgriApp_frontend_and_backend\App\android\app\src\main\java\com\smolchatrn\LLMModulePackage.java. Using fallback presentation compiler.
2026.03.07 13:29:03 INFO  no build target found for D:\FINAL_YEAR\React_App_new\AgriApp_frontend_and_backend\App\android\app\src\main\java\com\smolchatrn\LLMModule.java. Using fallback presentation compiler.
2026.03.07 13:29:03 WARN  no build target for: D:\FINAL_YEAR\React_App_new\AgriApp_frontend_and_backend\App\android\app\src\main\java\com\smolchatrn\LLMModule.java
2026.03.07 13:29:03 INFO  no build target found for D:\FINAL_YEAR\React_App_new\AgriApp_frontend_and_backend\App\android\app\src\main\java\com\smolchatrn\LLMModule.java. Using fallback presentation compiler.
Mar 07, 2026 1:29:03 PM org.eclipse.lsp4j.jsonrpc.RemoteEndpoint handleCancellation
WARNING: Unmatched cancel notification for request id 32
2026.03.07 13:29:03 INFO  no build target found for D:\FINAL_YEAR\React_App_new\AgriApp_frontend_and_backend\App\android\app\src\main\java\com\smolchatrn\LLMModule.java. Using fallback presentation compiler.
2026.03.07 13:29:03 INFO  no build target found for D:\FINAL_YEAR\React_App_new\AgriApp_frontend_and_backend\App\android\app\src\main\java\com\smolchatrn\LLMModule.java. Using fallback presentation compiler.
2026.03.07 13:29:04 INFO  no build target found for D:\FINAL_YEAR\React_App_new\AgriApp_frontend_and_backend\App\android\app\src\main\java\com\smolchatrn\LLMModule.java. Using fallback presentation compiler.
2026.03.07 13:29:13 INFO  no build target found for D:\FINAL_YEAR\React_App_new\AgriApp_frontend_and_backend\App\android\app\src\main\java\com\smolchatrn\LLMModule.java. Using fallback presentation compiler.
2026.03.07 13:29:13 INFO  no build target found for D:\FINAL_YEAR\React_App_new\AgriApp_frontend_and_backend\App\android\app\src\main\java\com\smolchatrn\LLMModule.java. Using fallback presentation compiler.
2026.03.07 13:29:13 INFO  no build target found for D:\FINAL_YEAR\React_App_new\AgriApp_frontend_and_backend\App\android\app\src\main\java\com\smolchatrn\LLMModule.java. Using fallback presentation compiler.
2026.03.07 13:29:13 INFO  no build target found for D:\FINAL_YEAR\React_App_new\AgriApp_frontend_and_backend\App\android\app\src\main\java\com\smolchatrn\LLMModule.java. Using fallback presentation compiler.
2026.03.07 13:29:13 INFO  no build target found for D:\FINAL_YEAR\React_App_new\AgriApp_frontend_and_backend\App\android\app\src\main\java\com\smolchatrn\LLMModule.java. Using fallback presentation compiler.
2026.03.07 13:59:28 INFO  no build target found for D:\FINAL_YEAR\React_App_new\AgriApp_frontend_and_backend\App\android\app\src\main\java\com\smolchatrn\LLMModule.java. Using fallback presentation compiler.
2026.03.07 13:59:28 INFO  no build target found for D:\FINAL_YEAR\React_App_new\AgriApp_frontend_and_backend\App\android\app\src\main\java\com\smolchatrn\LLMModule.java. Using fallback presentation compiler.
2026.03.07 14:29:28 INFO  no build target found for D:\FINAL_YEAR\React_App_new\AgriApp_frontend_and_backend\App\android\app\src\main\java\com\smolchatrn\LLMModulePackage.java. Using fallback presentation compiler.
2026.03.07 14:29:28 WARN  no build target for: D:\FINAL_YEAR\React_App_new\AgriApp_frontend_and_backend\App\android\app\src\main\java\com\smolchatrn\LLMModulePackage.java
Mar 07, 2026 2:29:28 PM org.eclipse.lsp4j.jsonrpc.RemoteEndpoint handleCancellation
WARNING: Unmatched cancel notification for request id 47
2026.03.07 14:29:28 INFO  no build target found for D:\FINAL_YEAR\React_App_new\AgriApp_frontend_and_backend\App\android\app\src\main\java\com\smolchatrn\LLMModulePackage.java. Using fallback presentation compiler.
2026.03.07 14:29:29 INFO  no build target found for D:\FINAL_YEAR\React_App_new\AgriApp_frontend_and_backend\App\android\app\src\main\java\com\smolchatrn\LLMModulePackage.java. Using fallback presentation compiler.
2026.03.07 14:29:30 INFO  no build target found for D:\FINAL_YEAR\React_App_new\AgriApp_frontend_and_backend\App\android\app\src\main\java\com\smolchatrn\LLMModulePackage.java. Using fallback presentation compiler.
2026.03.07 14:29:30 INFO  no build target found for D:\FINAL_YEAR\React_App_new\AgriApp_frontend_and_backend\App\android\app\src\main\java\com\smolchatrn\LLMModulePackage.java. Using fallback presentation compiler.
2026.03.07 14:29:30 INFO  no build target found for D:\FINAL_YEAR\React_App_new\AgriApp_frontend_and_backend\App\android\app\src\main\java\com\smolchatrn\LLMModule.java. Using fallback presentation compiler.
2026.03.07 14:29:31 WARN  no build target for: D:\FINAL_YEAR\React_App_new\AgriApp_frontend_and_backend\App\android\app\src\main\java\com\smolchatrn\LLMModule.java
2026.03.07 14:29:32 INFO  no build target found for D:\FINAL_YEAR\React_App_new\AgriApp_frontend_and_backend\App\android\app\src\main\java\com\smolchatrn\LLMModule.java. Using fallback presentation compiler.
2026.03.07 14:29:32 INFO  no build target found for D:\FINAL_YEAR\React_App_new\AgriApp_frontend_and_backend\App\android\app\src\main\java\com\smolchatrn\LLMModule.java. Using fallback presentation compiler.
2026.03.07 14:29:32 INFO  no build target found for D:\FINAL_YEAR\React_App_new\AgriApp_frontend_and_backend\App\android\app\src\main\java\com\smolchatrn\LLMModule.java. Using fallback presentation compiler.
Mar 07, 2026 2:29:32 PM org.eclipse.lsp4j.jsonrpc.RemoteEndpoint handleCancellation
WARNING: Unmatched cancel notification for request id 58
2026.03.07 14:29:32 INFO  no build target found for D:\FINAL_YEAR\React_App_new\AgriApp_frontend_and_backend\App\android\app\src\main\java\com\smolchatrn\LLMModule.java. Using fallback presentation compiler.
2026.03.07 14:29:32 INFO  no build target found for D:\FINAL_YEAR\React_App_new\AgriApp_frontend_and_backend\App\android\app\src\main\java\com\smolchatrn\LLMModule.java. Using fallback presentation compiler.
2026.03.07 14:29:45 INFO  no build target found for D:\FINAL_YEAR\React_App_new\AgriApp_frontend_and_backend\App\android\app\src\main\java\com\smolchatrn\LLMModule.java. Using fallback presentation compiler.
2026.03.07 14:29:49 INFO  no build target found for D:\FINAL_YEAR\React_App_new\AgriApp_frontend_and_backend\App\android\app\src\main\java\com\smolchatrn\LLMModulePackage.java. Using fallback presentation compiler.
2026.03.07 14:29:49 WARN  no build target for: D:\FINAL_YEAR\React_App_new\AgriApp_frontend_and_backend\App\android\app\src\main\java\com\smolchatrn\LLMModulePackage.java
2026.03.07 14:29:49 INFO  no build target found for D:\FINAL_YEAR\React_App_new\AgriApp_frontend_and_backend\App\android\app\src\main\java\com\smolchatrn\LLMModulePackage.java. Using fallback presentation compiler.
2026.03.07 14:29:49 INFO  no build target found for D:\FINAL_YEAR\React_App_new\AgriApp_frontend_and_backend\App\android\app\src\main\java\com\smolchatrn\LLMModulePackage.java. Using fallback presentation compiler.
2026.03.07 14:29:50 INFO  no build target found for D:\FINAL_YEAR\React_App_new\AgriApp_frontend_and_backend\App\android\app\src\main\java\com\smolchatrn\LLMModulePackage.java. Using fallback presentation compiler.
2026.03.07 14:40:59 INFO  no build target found for D:\FINAL_YEAR\React_App_new\AgriApp_frontend_and_backend\App\android\app\src\main\java\com\smolchatrn\LLMModule.java. Using fallback presentation compiler.
2026.03.07 14:40:59 WARN  no build target for: D:\FINAL_YEAR\React_App_new\AgriApp_frontend_and_backend\App\android\app\src\main\java\com\smolchatrn\LLMModule.java
2026.03.07 15:06:02 WARN  no build target for: D:\FINAL_YEAR\React_App_new\AgriApp_frontend_and_backend\App\android\app\src\main\java\com\smolchatrn\LLMModule.java
2026.03.07 15:32:56 INFO  no build target found for D:\FINAL_YEAR\React_App_new\AgriApp_frontend_and_backend\App\android\app\src\main\java\com\smolchatrn\LLMModule.java. Using fallback presentation compiler.
